Archive member included to satisfy reference by file (symbol)

C:\stm32_workspace\STM32F4xx_DSP_StdPeriph_Lib_V1.8.0\Libraries\CMSIS\Lib\GCC\libarm_cortexM4lf_math.a(arm_sin_f32.o)
                              src\main.o (arm_sin_f32)
C:\stm32_workspace\STM32F4xx_DSP_StdPeriph_Lib_V1.8.0\Libraries\CMSIS\Lib\GCC\libarm_cortexM4lf_math.a(arm_common_tables.o)
                              C:\stm32_workspace\STM32F4xx_DSP_StdPeriph_Lib_V1.8.0\Libraries\CMSIS\Lib\GCC\libarm_cortexM4lf_math.a(arm_sin_f32.o) (sinTable_f32)
c:/program files (x86)/atollic/truestudio for arm 7.1.2/armtools/bin/../lib/gcc/arm-atollic-eabi/5.3.1/../../../../arm-atollic-eabi/lib/armv7e-m/fpu\libc.a(lib_a-init.o)
                              src\startup_stm32f40xx.o (__libc_init_array)
c:/program files (x86)/atollic/truestudio for arm 7.1.2/armtools/bin/../lib/gcc/arm-atollic-eabi/5.3.1/../../../../arm-atollic-eabi/lib/armv7e-m/fpu\libm.a(lib_a-w_fmod.o)
                              src\main.o (fmod)
c:/program files (x86)/atollic/truestudio for arm 7.1.2/armtools/bin/../lib/gcc/arm-atollic-eabi/5.3.1/../../../../arm-atollic-eabi/lib/armv7e-m/fpu\libm.a(lib_a-e_fmod.o)
                              c:/program files (x86)/atollic/truestudio for arm 7.1.2/armtools/bin/../lib/gcc/arm-atollic-eabi/5.3.1/../../../../arm-atollic-eabi/lib/armv7e-m/fpu\libm.a(lib_a-w_fmod.o) (__ieee754_fmod)
c:/program files (x86)/atollic/truestudio for arm 7.1.2/armtools/bin/../lib/gcc/arm-atollic-eabi/5.3.1/../../../../arm-atollic-eabi/lib/armv7e-m/fpu\libm.a(lib_a-s_lib_ver.o)
                              c:/program files (x86)/atollic/truestudio for arm 7.1.2/armtools/bin/../lib/gcc/arm-atollic-eabi/5.3.1/../../../../arm-atollic-eabi/lib/armv7e-m/fpu\libm.a(lib_a-w_fmod.o) (__fdlib_version)
c:/program files (x86)/atollic/truestudio for arm 7.1.2/armtools/bin/../lib/gcc/arm-atollic-eabi/5.3.1/../../../../arm-atollic-eabi/lib/armv7e-m/fpu\libm.a(lib_a-s_matherr.o)
                              c:/program files (x86)/atollic/truestudio for arm 7.1.2/armtools/bin/../lib/gcc/arm-atollic-eabi/5.3.1/../../../../arm-atollic-eabi/lib/armv7e-m/fpu\libm.a(lib_a-w_fmod.o) (matherr)
c:/program files (x86)/atollic/truestudio for arm 7.1.2/armtools/bin/../lib/gcc/arm-atollic-eabi/5.3.1/../../../../arm-atollic-eabi/lib/armv7e-m/fpu\libc.a(lib_a-errno.o)
                              c:/program files (x86)/atollic/truestudio for arm 7.1.2/armtools/bin/../lib/gcc/arm-atollic-eabi/5.3.1/../../../../arm-atollic-eabi/lib/armv7e-m/fpu\libm.a(lib_a-w_fmod.o) (__errno)
c:/program files (x86)/atollic/truestudio for arm 7.1.2/armtools/bin/../lib/gcc/arm-atollic-eabi/5.3.1/../../../../arm-atollic-eabi/lib/armv7e-m/fpu\libc.a(lib_a-impure.o)
                              c:/program files (x86)/atollic/truestudio for arm 7.1.2/armtools/bin/../lib/gcc/arm-atollic-eabi/5.3.1/../../../../arm-atollic-eabi/lib/armv7e-m/fpu\libc.a(lib_a-errno.o) (_impure_ptr)
c:/program files (x86)/atollic/truestudio for arm 7.1.2/armtools/bin/../lib/gcc/arm-atollic-eabi/5.3.1/armv7e-m/fpu\libgcc.a(_arm_addsubdf3.o)
                              src\main.o (__aeabi_dadd)
c:/program files (x86)/atollic/truestudio for arm 7.1.2/armtools/bin/../lib/gcc/arm-atollic-eabi/5.3.1/armv7e-m/fpu\libgcc.a(_arm_muldivdf3.o)
                              src\main.o (__aeabi_dmul)
c:/program files (x86)/atollic/truestudio for arm 7.1.2/armtools/bin/../lib/gcc/arm-atollic-eabi/5.3.1/armv7e-m/fpu\libgcc.a(_arm_cmpdf2.o)
                              c:/program files (x86)/atollic/truestudio for arm 7.1.2/armtools/bin/../lib/gcc/arm-atollic-eabi/5.3.1/../../../../arm-atollic-eabi/lib/armv7e-m/fpu\libm.a(lib_a-w_fmod.o) (__aeabi_dcmpeq)
c:/program files (x86)/atollic/truestudio for arm 7.1.2/armtools/bin/../lib/gcc/arm-atollic-eabi/5.3.1/armv7e-m/fpu\libgcc.a(_arm_unorddf2.o)
                              c:/program files (x86)/atollic/truestudio for arm 7.1.2/armtools/bin/../lib/gcc/arm-atollic-eabi/5.3.1/../../../../arm-atollic-eabi/lib/armv7e-m/fpu\libm.a(lib_a-w_fmod.o) (__aeabi_dcmpun)
c:/program files (x86)/atollic/truestudio for arm 7.1.2/armtools/bin/../lib/gcc/arm-atollic-eabi/5.3.1/armv7e-m/fpu\libgcc.a(_arm_truncdfsf2.o)
                              src\main.o (__aeabi_d2f)

Allocating common symbols
Common symbol       size              file

CurrentPos          0x4               Utilities\STM32F4-Discovery\stm32f4_discovery_audio_codec.o
phase2Step          0x4               src\main.o
mov_avg_sum         0x2               src\main.o
AUDIO_MAL_DMA_InitStructure
                    0x3c              Utilities\STM32F4-Discovery\stm32f4_discovery_audio_codec.o
GPIO_InitStructure  0x8               src\main.o
NVIC_InitStructure  0x4               Utilities\STM32F4-Discovery\stm32f4_discovery.o
RCC_Clocks          0x10              src\main.o
DMA_InitStructure   0x3c              Utilities\STM32F4-Discovery\stm32f4_discovery_audio_codec.o
sample              0x4               src\main.o

Discarded input sections

[...]
Memory Configuration

Name             Origin             Length             Attributes
FLASH            0x08000000         0x00100000         xr
RAM              0x20000000         0x00020000         xrw
MEMORY_B1        0x60000000         0x00000000         xr
CCMRAM           0x10000000         0x00010000         rw
*default*        0x00000000         0xffffffff

Linker script and memory map

LOAD c:/program files (x86)/atollic/truestudio for arm 7.1.2/armtools/bin/../lib/gcc/arm-atollic-eabi/5.3.1/armv7e-m/fpu/crti.o
LOAD c:/program files (x86)/atollic/truestudio for arm 7.1.2/armtools/bin/../lib/gcc/arm-atollic-eabi/5.3.1/armv7e-m/fpu/crtbegin.o
LOAD Libraries\STM32F4xx_StdPeriph_Driver\src\misc.o
LOAD Libraries\STM32F4xx_StdPeriph_Driver\src\stm32f4xx_adc.o
LOAD Libraries\STM32F4xx_StdPeriph_Driver\src\stm32f4xx_can.o
LOAD Libraries\STM32F4xx_StdPeriph_Driver\src\stm32f4xx_crc.o
LOAD Libraries\STM32F4xx_StdPeriph_Driver\src\stm32f4xx_cryp.o
LOAD Libraries\STM32F4xx_StdPeriph_Driver\src\stm32f4xx_cryp_aes.o
LOAD Libraries\STM32F4xx_StdPeriph_Driver\src\stm32f4xx_cryp_des.o
LOAD Libraries\STM32F4xx_StdPeriph_Driver\src\stm32f4xx_cryp_tdes.o
LOAD Libraries\STM32F4xx_StdPeriph_Driver\src\stm32f4xx_dac.o
LOAD Libraries\STM32F4xx_StdPeriph_Driver\src\stm32f4xx_dbgmcu.o
LOAD Libraries\STM32F4xx_StdPeriph_Driver\src\stm32f4xx_dcmi.o
LOAD Libraries\STM32F4xx_StdPeriph_Driver\src\stm32f4xx_dma.o
LOAD Libraries\STM32F4xx_StdPeriph_Driver\src\stm32f4xx_exti.o
LOAD Libraries\STM32F4xx_StdPeriph_Driver\src\stm32f4xx_flash.o
LOAD Libraries\STM32F4xx_StdPeriph_Driver\src\stm32f4xx_fsmc.o
LOAD Libraries\STM32F4xx_StdPeriph_Driver\src\stm32f4xx_gpio.o
LOAD Libraries\STM32F4xx_StdPeriph_Driver\src\stm32f4xx_hash.o
LOAD Libraries\STM32F4xx_StdPeriph_Driver\src\stm32f4xx_hash_md5.o
LOAD Libraries\STM32F4xx_StdPeriph_Driver\src\stm32f4xx_hash_sha1.o
LOAD Libraries\STM32F4xx_StdPeriph_Driver\src\stm32f4xx_i2c.o
LOAD Libraries\STM32F4xx_StdPeriph_Driver\src\stm32f4xx_iwdg.o
LOAD Libraries\STM32F4xx_StdPeriph_Driver\src\stm32f4xx_pwr.o
LOAD Libraries\STM32F4xx_StdPeriph_Driver\src\stm32f4xx_rcc.o
LOAD Libraries\STM32F4xx_StdPeriph_Driver\src\stm32f4xx_rng.o
LOAD Libraries\STM32F4xx_StdPeriph_Driver\src\stm32f4xx_rtc.o
LOAD Libraries\STM32F4xx_StdPeriph_Driver\src\stm32f4xx_sdio.o
LOAD Libraries\STM32F4xx_StdPeriph_Driver\src\stm32f4xx_spi.o
LOAD Libraries\STM32F4xx_StdPeriph_Driver\src\stm32f4xx_syscfg.o
LOAD Libraries\STM32F4xx_StdPeriph_Driver\src\stm32f4xx_tim.o
LOAD Libraries\STM32F4xx_StdPeriph_Driver\src\stm32f4xx_usart.o
LOAD Libraries\STM32F4xx_StdPeriph_Driver\src\stm32f4xx_wwdg.o
LOAD Utilities\STM32F4-Discovery\stm32f4_discovery.o
LOAD Utilities\STM32F4-Discovery\stm32f4_discovery_audio_codec.o
LOAD Utilities\STM32F4-Discovery\stm32f4_discovery_lis302dl.o
LOAD src\main.o
LOAD src\startup_stm32f40xx.o
LOAD src\stm32f4xx_it.o
LOAD src\system_stm32f4xx.o
LOAD C:\stm32_workspace\STM32F4xx_DSP_StdPeriph_Lib_V1.8.0\Libraries\CMSIS\Lib\GCC\libarm_cortexM4lf_math.a
START GROUP
LOAD c:/program files (x86)/atollic/truestudio for arm 7.1.2/armtools/bin/../lib/gcc/arm-atollic-eabi/5.3.1/../../../../arm-atollic-eabi/lib/armv7e-m/fpu\libc.a
LOAD c:/program files (x86)/atollic/truestudio for arm 7.1.2/armtools/bin/../lib/gcc/arm-atollic-eabi/5.3.1/../../../../arm-atollic-eabi/lib/armv7e-m/fpu\libm.a
END GROUP
                0x00000080                malloc_getpagesize_P = 0x80
START GROUP
LOAD c:/program files (x86)/atollic/truestudio for arm 7.1.2/armtools/bin/../lib/gcc/arm-atollic-eabi/5.3.1/armv7e-m/fpu\libgcc.a
LOAD c:/program files (x86)/atollic/truestudio for arm 7.1.2/armtools/bin/../lib/gcc/arm-atollic-eabi/5.3.1/../../../../arm-atollic-eabi/lib/armv7e-m/fpu\libc.a
END GROUP
START GROUP
LOAD c:/program files (x86)/atollic/truestudio for arm 7.1.2/armtools/bin/../lib/gcc/arm-atollic-eabi/5.3.1/armv7e-m/fpu\libgcc.a
LOAD c:/program files (x86)/atollic/truestudio for arm 7.1.2/armtools/bin/../lib/gcc/arm-atollic-eabi/5.3.1/../../../../arm-atollic-eabi/lib/armv7e-m/fpu\libc.a
LOAD c:/program files (x86)/atollic/truestudio for arm 7.1.2/armtools/bin/../lib/gcc/arm-atollic-eabi/5.3.1/../../../../arm-atollic-eabi/lib/armv7e-m/fpu\libnosys.a
END GROUP
LOAD c:/program files (x86)/atollic/truestudio for arm 7.1.2/armtools/bin/../lib/gcc/arm-atollic-eabi/5.3.1/armv7e-m/fpu/crtend.o
LOAD c:/program files (x86)/atollic/truestudio for arm 7.1.2/armtools/bin/../lib/gcc/arm-atollic-eabi/5.3.1/armv7e-m/fpu/crtn.o
                0x20020000                _estack = 0x20020000
                0x00000000                _Min_Heap_Size = 0x0
                0x00000400                _Min_Stack_Size = 0x400

.isr_vector     0x08000000      0x188
                0x08000000                . = ALIGN (0x4)
 *(.isr_vector)
 .isr_vector    0x08000000      0x188 src\startup_stm32f40xx.o
                0x08000000                g_pfnVectors
                0x08000188                . = ALIGN (0x4)

.text           0x08000188     0x3ff0
                0x08000188                . = ALIGN (0x4)
 *(.text)
 .text          0x08000188       0x40 c:/program files (x86)/atollic/truestudio for arm 7.1.2/armtools/bin/../lib/gcc/arm-atollic-eabi/5.3.1/armv7e-m/fpu/crtbegin.o
 .text          0x080001c8      0x370 c:/program files (x86)/atollic/truestudio for arm 7.1.2/armtools/bin/../lib/gcc/arm-atollic-eabi/5.3.1/armv7e-m/fpu\libgcc.a(_arm_addsubdf3.o)
                0x080001c8                __aeabi_drsub
                0x080001d0                __aeabi_dsub
                0x080001d0                __subdf3
                0x080001d4                __aeabi_dadd
                0x080001d4                __adddf3
                0x0800044c                __floatunsidf
                0x0800044c                __aeabi_ui2d
                0x0800046c                __floatsidf
                0x0800046c                __aeabi_i2d
                0x08000490                __aeabi_f2d
                0x08000490                __extendsfdf2
                0x080004cc                __floatundidf
                0x080004cc                __aeabi_ul2d
                0x080004dc                __floatdidf
                0x080004dc                __aeabi_l2d
 .text          0x08000538      0x424 c:/program files (x86)/atollic/truestudio for arm 7.1.2/armtools/bin/../lib/gcc/arm-atollic-eabi/5.3.1/armv7e-m/fpu\libgcc.a(_arm_muldivdf3.o)
                0x08000538                __aeabi_dmul
                0x08000538                __muldf3
                0x0800078c                __divdf3
                0x0800078c                __aeabi_ddiv
 .text          0x0800095c      0x110 c:/program files (x86)/atollic/truestudio for arm 7.1.2/armtools/bin/../lib/gcc/arm-atollic-eabi/5.3.1/armv7e-m/fpu\libgcc.a(_arm_cmpdf2.o)
                0x0800095c                __gtdf2
                0x0800095c                __gedf2
                0x08000964                __ltdf2
                0x08000964                __ledf2
                0x0800096c                __nedf2
                0x0800096c                __eqdf2
                0x0800096c                __cmpdf2
                0x080009e8                __aeabi_cdrcmple
                0x080009f8                __aeabi_cdcmpeq
                0x080009f8                __aeabi_cdcmple
                0x08000a08                __aeabi_dcmpeq
                0x08000a1c                __aeabi_dcmplt
                0x08000a30                __aeabi_dcmple
                0x08000a44                __aeabi_dcmpge
                0x08000a58                __aeabi_dcmpgt
 .text          0x08000a6c       0x2c c:/program files (x86)/atollic/truestudio for arm 7.1.2/armtools/bin/../lib/gcc/arm-atollic-eabi/5.3.1/armv7e-m/fpu\libgcc.a(_arm_unorddf2.o)
                0x08000a6c                __unorddf2
                0x08000a6c                __aeabi_dcmpun
 .text          0x08000a98       0xa0 c:/program files (x86)/atollic/truestudio for arm 7.1.2/armtools/bin/../lib/gcc/arm-atollic-eabi/5.3.1/armv7e-m/fpu\libgcc.a(_arm_truncdfsf2.o)
                0x08000a98                __truncdfsf2
                0x08000a98                __aeabi_d2f
 *(.text*)
 .text.NVIC_Init
                0x08000b38       0xc4 Libraries\STM32F4xx_StdPeriph_Driver\src\misc.o
                0x08000b38                NVIC_Init
 .text.ADC_Init
                0x08000bfc       0xac Libraries\STM32F4xx_StdPeriph_Driver\src\stm32f4xx_adc.o
                0x08000bfc                ADC_Init
 .text.ADC_CommonInit
                0x08000ca8       0x50 Libraries\STM32F4xx_StdPeriph_Driver\src\stm32f4xx_adc.o
                0x08000ca8                ADC_CommonInit
 .text.ADC_Cmd  0x08000cf8       0x38 Libraries\STM32F4xx_StdPeriph_Driver\src\stm32f4xx_adc.o
                0x08000cf8                ADC_Cmd
 .text.ADC_RegularChannelConfig
                0x08000d30      0x194 Libraries\STM32F4xx_StdPeriph_Driver\src\stm32f4xx_adc.o
                0x08000d30                ADC_RegularChannelConfig
 .text.ADC_SoftwareStartConv
                0x08000ec4       0x20 Libraries\STM32F4xx_StdPeriph_Driver\src\stm32f4xx_adc.o
                0x08000ec4                ADC_SoftwareStartConv
 .text.ADC_DMACmd
                0x08000ee4       0x38 Libraries\STM32F4xx_StdPeriph_Driver\src\stm32f4xx_adc.o
                0x08000ee4                ADC_DMACmd
 .text.ADC_DMARequestAfterLastTransferCmd
                0x08000f1c       0x38 Libraries\STM32F4xx_StdPeriph_Driver\src\stm32f4xx_adc.o
                0x08000f1c                ADC_DMARequestAfterLastTransferCmd
 .text.DAC_Init
                0x08000f54       0x68 Libraries\STM32F4xx_StdPeriph_Driver\src\stm32f4xx_dac.o
                0x08000f54                DAC_Init
 .text.DAC_Cmd  0x08000fbc       0x4c Libraries\STM32F4xx_StdPeriph_Driver\src\stm32f4xx_dac.o
                0x08000fbc                DAC_Cmd
 .text.DAC_SetChannel1Data
                0x08001008       0x38 Libraries\STM32F4xx_StdPeriph_Driver\src\stm32f4xx_dac.o
                0x08001008                DAC_SetChannel1Data
 .text.DMA_DeInit
                0x08001040      0x1a8 Libraries\STM32F4xx_StdPeriph_Driver\src\stm32f4xx_dma.o
                0x08001040                DMA_DeInit
 .text.DMA_Init
                0x080011e8       0xb0 Libraries\STM32F4xx_StdPeriph_Driver\src\stm32f4xx_dma.o
                0x080011e8                DMA_Init
 .text.DMA_Cmd  0x08001298       0x38 Libraries\STM32F4xx_StdPeriph_Driver\src\stm32f4xx_dma.o
                0x08001298                DMA_Cmd
 .text.DMA_GetFlagStatus
                0x080012d0       0x78 Libraries\STM32F4xx_StdPeriph_Driver\src\stm32f4xx_dma.o
                0x080012d0                DMA_GetFlagStatus
 .text.DMA_ClearFlag
                0x08001348       0x5c Libraries\STM32F4xx_StdPeriph_Driver\src\stm32f4xx_dma.o
                0x08001348                DMA_ClearFlag
 .text.DMA_ITConfig
                0x080013a4       0x74 Libraries\STM32F4xx_StdPeriph_Driver\src\stm32f4xx_dma.o
                0x080013a4                DMA_ITConfig
 .text.EXTI_Init
                0x08001418       0xe4 Libraries\STM32F4xx_StdPeriph_Driver\src\stm32f4xx_exti.o
                0x08001418                EXTI_Init
 .text.GPIO_Init
                0x080014fc      0x11c Libraries\STM32F4xx_StdPeriph_Driver\src\stm32f4xx_gpio.o
                0x080014fc                GPIO_Init
 .text.GPIO_ReadInputDataBit
                0x08001618       0x34 Libraries\STM32F4xx_StdPeriph_Driver\src\stm32f4xx_gpio.o
                0x08001618                GPIO_ReadInputDataBit
 .text.GPIO_WriteBit
                0x0800164c       0x30 Libraries\STM32F4xx_StdPeriph_Driver\src\stm32f4xx_gpio.o
                0x0800164c                GPIO_WriteBit
 .text.GPIO_PinAFConfig
                0x0800167c       0x94 Libraries\STM32F4xx_StdPeriph_Driver\src\stm32f4xx_gpio.o
                0x0800167c                GPIO_PinAFConfig
 .text.I2C_DeInit
                0x08001710       0x74 Libraries\STM32F4xx_StdPeriph_Driver\src\stm32f4xx_i2c.o
                0x08001710                I2C_DeInit
 .text.I2C_Init
                0x08001784      0x184 Libraries\STM32F4xx_StdPeriph_Driver\src\stm32f4xx_i2c.o
                0x08001784                I2C_Init
 .text.I2C_Cmd  0x08001908       0x40 Libraries\STM32F4xx_StdPeriph_Driver\src\stm32f4xx_i2c.o
                0x08001908                I2C_Cmd
 .text.I2C_GenerateSTART
                0x08001948       0x40 Libraries\STM32F4xx_StdPeriph_Driver\src\stm32f4xx_i2c.o
                0x08001948                I2C_GenerateSTART
 .text.I2C_GenerateSTOP
                0x08001988       0x40 Libraries\STM32F4xx_StdPeriph_Driver\src\stm32f4xx_i2c.o
                0x08001988                I2C_GenerateSTOP
 .text.I2C_Send7bitAddress
                0x080019c8       0x3c Libraries\STM32F4xx_StdPeriph_Driver\src\stm32f4xx_i2c.o
                0x080019c8                I2C_Send7bitAddress
 .text.I2C_AcknowledgeConfig
                0x08001a04       0x40 Libraries\STM32F4xx_StdPeriph_Driver\src\stm32f4xx_i2c.o
                0x08001a04                I2C_AcknowledgeConfig
 .text.I2C_SendData
                0x08001a44       0x20 Libraries\STM32F4xx_StdPeriph_Driver\src\stm32f4xx_i2c.o
                0x08001a44                I2C_SendData
 .text.I2C_ReceiveData
                0x08001a64       0x1c Libraries\STM32F4xx_StdPeriph_Driver\src\stm32f4xx_i2c.o
                0x08001a64                I2C_ReceiveData
 .text.I2C_CheckEvent
                0x08001a80       0x60 Libraries\STM32F4xx_StdPeriph_Driver\src\stm32f4xx_i2c.o
                0x08001a80                I2C_CheckEvent
 .text.I2C_GetFlagStatus
                0x08001ae0       0x68 Libraries\STM32F4xx_StdPeriph_Driver\src\stm32f4xx_i2c.o
                0x08001ae0                I2C_GetFlagStatus
 .text.I2C_ClearFlag
                0x08001b48       0x30 Libraries\STM32F4xx_StdPeriph_Driver\src\stm32f4xx_i2c.o
                0x08001b48                I2C_ClearFlag
 .text.RCC_GetClocksFreq
                0x08001b78      0x154 Libraries\STM32F4xx_StdPeriph_Driver\src\stm32f4xx_rcc.o
                0x08001b78                RCC_GetClocksFreq
 .text.RCC_AHB1PeriphClockCmd
                0x08001ccc       0x40 Libraries\STM32F4xx_StdPeriph_Driver\src\stm32f4xx_rcc.o
                0x08001ccc                RCC_AHB1PeriphClockCmd
 .text.RCC_APB1PeriphClockCmd
                0x08001d0c       0x40 Libraries\STM32F4xx_StdPeriph_Driver\src\stm32f4xx_rcc.o
                0x08001d0c                RCC_APB1PeriphClockCmd
 .text.RCC_APB2PeriphClockCmd
                0x08001d4c       0x40 Libraries\STM32F4xx_StdPeriph_Driver\src\stm32f4xx_rcc.o
                0x08001d4c                RCC_APB2PeriphClockCmd
 .text.RCC_APB1PeriphResetCmd
                0x08001d8c       0x40 Libraries\STM32F4xx_StdPeriph_Driver\src\stm32f4xx_rcc.o
                0x08001d8c                RCC_APB1PeriphResetCmd
 .text.RCC_APB2PeriphResetCmd
                0x08001dcc       0x40 Libraries\STM32F4xx_StdPeriph_Driver\src\stm32f4xx_rcc.o
                0x08001dcc                RCC_APB2PeriphResetCmd
 .text.SPI_I2S_DeInit
                0x08001e0c       0xdc Libraries\STM32F4xx_StdPeriph_Driver\src\stm32f4xx_spi.o
                0x08001e0c                SPI_I2S_DeInit
 .text.I2S_Init
                0x08001ee8      0x1b4 Libraries\STM32F4xx_StdPeriph_Driver\src\stm32f4xx_spi.o
                0x08001ee8                I2S_Init
 .text.I2S_Cmd  0x0800209c       0x40 Libraries\STM32F4xx_StdPeriph_Driver\src\stm32f4xx_spi.o
                0x0800209c                I2S_Cmd
 .text.SPI_I2S_SendData
                0x080020dc       0x20 Libraries\STM32F4xx_StdPeriph_Driver\src\stm32f4xx_spi.o
                0x080020dc                SPI_I2S_SendData
 .text.SPI_I2S_DMACmd
                0x080020fc       0x48 Libraries\STM32F4xx_StdPeriph_Driver\src\stm32f4xx_spi.o
                0x080020fc                SPI_I2S_DMACmd
 .text.SPI_I2S_ITConfig
                0x08002144       0x64 Libraries\STM32F4xx_StdPeriph_Driver\src\stm32f4xx_spi.o
                0x08002144                SPI_I2S_ITConfig
 .text.SPI_I2S_GetFlagStatus
                0x080021a8       0x38 Libraries\STM32F4xx_StdPeriph_Driver\src\stm32f4xx_spi.o
                0x080021a8                SPI_I2S_GetFlagStatus
 .text.SYSCFG_EXTILineConfig
                0x080021e0       0x84 Libraries\STM32F4xx_StdPeriph_Driver\src\stm32f4xx_syscfg.o
                0x080021e0                SYSCFG_EXTILineConfig
 .text.STM_EVAL_LEDInit
                0x08002264       0x5c Utilities\STM32F4-Discovery\stm32f4_discovery.o
                0x08002264                STM_EVAL_LEDInit
 .text.STM_EVAL_LEDOn
                0x080022c0       0x30 Utilities\STM32F4-Discovery\stm32f4_discovery.o
                0x080022c0                STM_EVAL_LEDOn
 .text.STM_EVAL_LEDOff
                0x080022f0       0x30 Utilities\STM32F4-Discovery\stm32f4_discovery.o
                0x080022f0                STM_EVAL_LEDOff
 .text.STM_EVAL_PBInit
                0x08002320       0x98 Utilities\STM32F4-Discovery\stm32f4_discovery.o
                0x08002320                STM_EVAL_PBInit
 .text.STM_EVAL_PBGetState
                0x080023b8       0x2c Utilities\STM32F4-Discovery\stm32f4_discovery.o
                0x080023b8                STM_EVAL_PBGetState
 .text.EVAL_AUDIO_Init
                0x080023e4       0x58 Utilities\STM32F4-Discovery\stm32f4_discovery_audio_codec.o
                0x080023e4                EVAL_AUDIO_Init
 .text.EVAL_AUDIO_Play
                0x0800243c       0x6c Utilities\STM32F4-Discovery\stm32f4_discovery_audio_codec.o
                0x0800243c                EVAL_AUDIO_Play
 .text.Audio_MAL_IRQHandler
                0x080024a8      0x100 Utilities\STM32F4-Discovery\stm32f4_discovery_audio_codec.o
 .text.DMA1_Stream7_IRQHandler
                0x080025a8        0xc Utilities\STM32F4-Discovery\stm32f4_discovery_audio_codec.o
                0x080025a8                DMA1_Stream7_IRQHandler
 .text.DMA1_Stream0_IRQHandler
                0x080025b4        0xc Utilities\STM32F4-Discovery\stm32f4_discovery_audio_codec.o
                0x080025b4                DMA1_Stream0_IRQHandler
 .text.SPI3_IRQHandler
                0x080025c0       0x44 Utilities\STM32F4-Discovery\stm32f4_discovery_audio_codec.o
                0x080025c0                SPI3_IRQHandler
 .text.Codec_Init
                0x08002604      0x158 Utilities\STM32F4-Discovery\stm32f4_discovery_audio_codec.o
 .text.Codec_Play
                0x0800275c       0x10 Utilities\STM32F4-Discovery\stm32f4_discovery_audio_codec.o
 .text.Codec_VolumeCtrl
                0x0800276c       0x78 Utilities\STM32F4-Discovery\stm32f4_discovery_audio_codec.o
 .text.Codec_Reset
                0x080027e4       0x28 Utilities\STM32F4-Discovery\stm32f4_discovery_audio_codec.o
 .text.Codec_WriteRegister
                0x0800280c      0x160 Utilities\STM32F4-Discovery\stm32f4_discovery_audio_codec.o
 .text.Codec_ReadRegister
                0x0800296c      0x208 Utilities\STM32F4-Discovery\stm32f4_discovery_audio_codec.o
 .text.Codec_CtrlInterface_Init
                0x08002b74       0x58 Utilities\STM32F4-Discovery\stm32f4_discovery_audio_codec.o
 .text.Codec_AudioInterface_Init
                0x08002bcc       0x84 Utilities\STM32F4-Discovery\stm32f4_discovery_audio_codec.o
 .text.Codec_GPIO_Init
                0x08002c50      0x120 Utilities\STM32F4-Discovery\stm32f4_discovery_audio_codec.o
 .text.Delay    0x08002d70       0x24 Utilities\STM32F4-Discovery\stm32f4_discovery_audio_codec.o
 .text.Audio_MAL_Init
                0x08002d94      0x150 Utilities\STM32F4-Discovery\stm32f4_discovery_audio_codec.o
 .text.Audio_MAL_Play
                0x08002ee4       0x8c Utilities\STM32F4-Discovery\stm32f4_discovery_audio_codec.o
                0x08002ee4                Audio_MAL_Play
 .text.DAC_Config
                0x08002f70       0x60 Utilities\STM32F4-Discovery\stm32f4_discovery_audio_codec.o
                0x08002f70                DAC_Config
 .text.square   0x08002fd0       0x54 src\main.o
                0x08002fd0                square
 .text.sawtooth
                0x08003024       0x20 src\main.o
                0x08003024                sawtooth
 .text.main     0x08003044       0xc0 src\main.o
                0x08003044                main
 .text.Codec_TIMEOUT_UserCallback
                0x08003104       0x10 src\main.o
                0x08003104                Codec_TIMEOUT_UserCallback
 *fill*         0x08003114        0x4 
 .text.EVAL_AUDIO_HalfTransfer_CallBack
                0x08003118      0x464 src\main.o
                0x08003118                EVAL_AUDIO_HalfTransfer_CallBack
 *fill*         0x0800357c        0x4 
 .text.EVAL_AUDIO_TransferComplete_CallBack
                0x08003580      0x474 src\main.o
                0x08003580                EVAL_AUDIO_TransferComplete_CallBack
 .text.EVAL_AUDIO_GetSampleCallBack
                0x080039f4       0x10 src\main.o
                0x080039f4                EVAL_AUDIO_GetSampleCallBack
 .text.EVAL_AUDIO_Error_CallBack
                0x08003a04       0x18 src\main.o
                0x08003a04                EVAL_AUDIO_Error_CallBack
 .text.ADC3_CH12_DMA_Config
                0x08003a1c      0x110 src\main.o
                0x08003a1c                ADC3_CH12_DMA_Config
 .text.Reset_Handler
                0x08003b2c       0x50 src\startup_stm32f40xx.o
                0x08003b2c                Reset_Handler
 .text.Default_Handler
                0x08003b7c        0x2 src\startup_stm32f40xx.o
                0x08003b7c                RTC_Alarm_IRQHandler
                0x08003b7c                HASH_RNG_IRQHandler
                0x08003b7c                EXTI2_IRQHandler
                0x08003b7c                TIM8_CC_IRQHandler
                0x08003b7c                TIM1_CC_IRQHandler
                0x08003b7c                DMA2_Stream5_IRQHandler
                0x08003b7c                DMA1_Stream5_IRQHandler
                0x08003b7c                PVD_IRQHandler
                0x08003b7c                SDIO_IRQHandler
                0x08003b7c                TAMP_STAMP_IRQHandler
                0x08003b7c                CAN2_RX1_IRQHandler
                0x08003b7c                EXTI3_IRQHandler
                0x08003b7c                TIM8_TRG_COM_TIM14_IRQHandler
                0x08003b7c                TIM1_UP_TIM10_IRQHandler
                0x08003b7c                TIM8_UP_TIM13_IRQHandler
                0x08003b7c                I2C3_ER_IRQHandler
                0x08003b7c                I2C2_EV_IRQHandler
                0x08003b7c                DMA1_Stream2_IRQHandler
                0x08003b7c                CAN1_RX0_IRQHandler
                0x08003b7c                FPU_IRQHandler
                0x08003b7c                OTG_HS_WKUP_IRQHandler
                0x08003b7c                CAN2_SCE_IRQHandler
                0x08003b7c                DMA2_Stream2_IRQHandler
                0x08003b7c                SPI1_IRQHandler
                0x08003b7c                TIM6_DAC_IRQHandler
                0x08003b7c                TIM1_BRK_TIM9_IRQHandler
                0x08003b7c                DCMI_IRQHandler
                0x08003b7c                CAN2_RX0_IRQHandler
                0x08003b7c                DMA2_Stream3_IRQHandler
                0x08003b7c                USART6_IRQHandler
                0x08003b7c                USART3_IRQHandler
                0x08003b7c                CRYP_IRQHandler
                0x08003b7c                CAN1_RX1_IRQHandler
                0x08003b7c                UART5_IRQHandler
                0x08003b7c                DMA2_Stream0_IRQHandler
                0x08003b7c                I2C1_EV_IRQHandler
                0x08003b7c                DMA1_Stream6_IRQHandler
                0x08003b7c                DMA1_Stream1_IRQHandler
                0x08003b7c                UART4_IRQHandler
                0x08003b7c                TIM3_IRQHandler
                0x08003b7c                RCC_IRQHandler
                0x08003b7c                TIM8_BRK_TIM12_IRQHandler
                0x08003b7c                Default_Handler
                0x08003b7c                EXTI15_10_IRQHandler
                0x08003b7c                ADC_IRQHandler
                0x08003b7c                TIM7_IRQHandler
                0x08003b7c                CAN2_TX_IRQHandler
                0x08003b7c                TIM5_IRQHandler
                0x08003b7c                DMA2_Stream7_IRQHandler
                0x08003b7c                I2C3_EV_IRQHandler
                0x08003b7c                EXTI9_5_IRQHandler
                0x08003b7c                RTC_WKUP_IRQHandler
                0x08003b7c                ETH_WKUP_IRQHandler
                0x08003b7c                SPI2_IRQHandler
                0x08003b7c                OTG_HS_EP1_IN_IRQHandler
                0x08003b7c                CAN1_TX_IRQHandler
                0x08003b7c                EXTI4_IRQHandler
                0x08003b7c                FSMC_IRQHandler
                0x08003b7c                ETH_IRQHandler
                0x08003b7c                OTG_HS_EP1_OUT_IRQHandler
                0x08003b7c                WWDG_IRQHandler
                0x08003b7c                TIM2_IRQHandler
                0x08003b7c                OTG_FS_WKUP_IRQHandler
                0x08003b7c                TIM1_TRG_COM_TIM11_IRQHandler
                0x08003b7c                OTG_HS_IRQHandler
                0x08003b7c                EXTI1_IRQHandler
                0x08003b7c                USART2_IRQHandler
                0x08003b7c                I2C2_ER_IRQHandler
                0x08003b7c                DMA2_Stream1_IRQHandler
                0x08003b7c                CAN1_SCE_IRQHandler
                0x08003b7c                FLASH_IRQHandler
                0x08003b7c                DMA2_Stream4_IRQHandler
                0x08003b7c                USART1_IRQHandler
                0x08003b7c                OTG_FS_IRQHandler
                0x08003b7c                DMA1_Stream4_IRQHandler
                0x08003b7c                I2C1_ER_IRQHandler
                0x08003b7c                DMA2_Stream6_IRQHandler
                0x08003b7c                DMA1_Stream3_IRQHandler
 *fill*         0x08003b7e        0x2 
 .text.NMI_Handler
                0x08003b80       0x10 src\stm32f4xx_it.o
                0x08003b80                NMI_Handler
 .text.HardFault_Handler
                0x08003b90        0x8 src\stm32f4xx_it.o
                0x08003b90                HardFault_Handler
 .text.MemManage_Handler
                0x08003b98        0x8 src\stm32f4xx_it.o
                0x08003b98                MemManage_Handler
 .text.BusFault_Handler
                0x08003ba0        0x8 src\stm32f4xx_it.o
                0x08003ba0                BusFault_Handler
 .text.UsageFault_Handler
                0x08003ba8        0x8 src\stm32f4xx_it.o
                0x08003ba8                UsageFault_Handler
 .text.SVC_Handler
                0x08003bb0       0x10 src\stm32f4xx_it.o
                0x08003bb0                SVC_Handler
 .text.DebugMon_Handler
                0x08003bc0       0x10 src\stm32f4xx_it.o
                0x08003bc0                DebugMon_Handler
 .text.PendSV_Handler
                0x08003bd0       0x10 src\stm32f4xx_it.o
                0x08003bd0                PendSV_Handler
 .text.SysTick_Handler
                0x08003be0       0x10 src\stm32f4xx_it.o
                0x08003be0                SysTick_Handler
 .text.EXTI0_IRQHandler
                0x08003bf0       0x10 src\stm32f4xx_it.o
                0x08003bf0                EXTI0_IRQHandler
 .text.TIM4_IRQHandler
                0x08003c00       0x10 src\stm32f4xx_it.o
                0x08003c00                TIM4_IRQHandler
 .text.SystemInit
                0x08003c10       0x6c src\system_stm32f4xx.o
                0x08003c10                SystemInit
 .text.SetSysClock
                0x08003c7c      0x128 src\system_stm32f4xx.o
 .text.arm_sin_f32
                0x08003da4       0x78 C:\stm32_workspace\STM32F4xx_DSP_StdPeriph_Lib_V1.8.0\Libraries\CMSIS\Lib\GCC\libarm_cortexM4lf_math.a(arm_sin_f32.o)
                0x08003da4                arm_sin_f32
 .text.__libc_init_array
                0x08003e1c       0x4c c:/program files (x86)/atollic/truestudio for arm 7.1.2/armtools/bin/../lib/gcc/arm-atollic-eabi/5.3.1/../../../../arm-atollic-eabi/lib/armv7e-m/fpu\libc.a(lib_a-init.o)
                0x08003e1c                __libc_init_array
 .text.fmod     0x08003e68       0xcc c:/program files (x86)/atollic/truestudio for arm 7.1.2/armtools/bin/../lib/gcc/arm-atollic-eabi/5.3.1/../../../../arm-atollic-eabi/lib/armv7e-m/fpu\libm.a(lib_a-w_fmod.o)
                0x08003e68                fmod
 .text.__ieee754_fmod
                0x08003f34      0x21c c:/program files (x86)/atollic/truestudio for arm 7.1.2/armtools/bin/../lib/gcc/arm-atollic-eabi/5.3.1/../../../../arm-atollic-eabi/lib/armv7e-m/fpu\libm.a(lib_a-e_fmod.o)
                0x08003f34                __ieee754_fmod
 .text.matherr  0x08004150        0x4 c:/program files (x86)/atollic/truestudio for arm 7.1.2/armtools/bin/../lib/gcc/arm-atollic-eabi/5.3.1/../../../../arm-atollic-eabi/lib/armv7e-m/fpu\libm.a(lib_a-s_matherr.o)
                0x08004150                matherr
 .text.__errno  0x08004154        0xc c:/program files (x86)/atollic/truestudio for arm 7.1.2/armtools/bin/../lib/gcc/arm-atollic-eabi/5.3.1/../../../../arm-atollic-eabi/lib/armv7e-m/fpu\libc.a(lib_a-errno.o)
                0x08004154                __errno
 *(.glue_7)
 .glue_7        0x08004160        0x0 linker stubs
 *(.glue_7t)
 .glue_7t       0x08004160        0x0 linker stubs
 *(.eh_frame)
 .eh_frame      0x08004160        0x0 c:/program files (x86)/atollic/truestudio for arm 7.1.2/armtools/bin/../lib/gcc/arm-atollic-eabi/5.3.1/armv7e-m/fpu/crtbegin.o
 *(.init)
 .init          0x08004160        0x4 c:/program files (x86)/atollic/truestudio for arm 7.1.2/armtools/bin/../lib/gcc/arm-atollic-eabi/5.3.1/armv7e-m/fpu/crti.o
                0x08004160                _init
 .init          0x08004164        0x8 c:/program files (x86)/atollic/truestudio for arm 7.1.2/armtools/bin/../lib/gcc/arm-atollic-eabi/5.3.1/armv7e-m/fpu/crtn.o
 *(.fini)
 .fini          0x0800416c        0x4 c:/program files (x86)/atollic/truestudio for arm 7.1.2/armtools/bin/../lib/gcc/arm-atollic-eabi/5.3.1/armv7e-m/fpu/crti.o
                0x0800416c                _fini
 .fini          0x08004170        0x8 c:/program files (x86)/atollic/truestudio for arm 7.1.2/armtools/bin/../lib/gcc/arm-atollic-eabi/5.3.1/armv7e-m/fpu/crtn.o
                0x08004178                . = ALIGN (0x4)
                0x08004178                _etext = .

.vfp11_veneer   0x08004178        0x0
 .vfp11_veneer  0x08004178        0x0 linker stubs

.v4_bx          0x08004178        0x0
 .v4_bx         0x08004178        0x0 linker stubs

.iplt           0x08004178        0x0
 .iplt          0x08004178        0x0 c:/program files (x86)/atollic/truestudio for arm 7.1.2/armtools/bin/../lib/gcc/arm-atollic-eabi/5.3.1/armv7e-m/fpu/crtbegin.o

.rodata         0x08004178      0x83c
                0x08004178                . = ALIGN (0x4)
 *(.rodata)
 *(.rodata*)
 .rodata.GPIO_PIN
                0x08004178        0x8 Utilities\STM32F4-Discovery\stm32f4_discovery.o
                0x08004178                GPIO_PIN
 .rodata.GPIO_CLK
                0x08004180       0x10 Utilities\STM32F4-Discovery\stm32f4_discovery.o
                0x08004180                GPIO_CLK
 .rodata.sinTable_f32
                0x08004190      0x804 C:\stm32_workspace\STM32F4xx_DSP_StdPeriph_Lib_V1.8.0\Libraries\CMSIS\Lib\GCC\libarm_cortexM4lf_math.a(arm_common_tables.o)
                0x08004190                sinTable_f32
 .rodata.str1.1
                0x08004994        0x5 c:/program files (x86)/atollic/truestudio for arm 7.1.2/armtools/bin/../lib/gcc/arm-atollic-eabi/5.3.1/../../../../arm-atollic-eabi/lib/armv7e-m/fpu\libm.a(lib_a-w_fmod.o)
 *fill*         0x08004999        0x7 
 .rodata.Zero   0x080049a0       0x10 c:/program files (x86)/atollic/truestudio for arm 7.1.2/armtools/bin/../lib/gcc/arm-atollic-eabi/5.3.1/../../../../arm-atollic-eabi/lib/armv7e-m/fpu\libm.a(lib_a-e_fmod.o)
 .rodata.str1.1
                0x080049b0        0x2 c:/program files (x86)/atollic/truestudio for arm 7.1.2/armtools/bin/../lib/gcc/arm-atollic-eabi/5.3.1/../../../../arm-atollic-eabi/lib/armv7e-m/fpu\libc.a(lib_a-impure.o)
                0x080049b4                . = ALIGN (0x4)
 *fill*         0x080049b2        0x2 

.rel.dyn        0x080049b4        0x0
 .rel.iplt      0x080049b4        0x0 c:/program files (x86)/atollic/truestudio for arm 7.1.2/armtools/bin/../lib/gcc/arm-atollic-eabi/5.3.1/armv7e-m/fpu/crtbegin.o

.ARM.extab
 *(.ARM.extab* .gnu.linkonce.armextab.*)

.ARM            0x080049b4        0x0
                0x080049b4                __exidx_start = .
 *(.ARM.exidx*)
                0x080049b4                __exidx_end = .

.preinit_array  0x080049b4        0x0
                0x080049b4                PROVIDE (__preinit_array_start, .)
 *(.preinit_array*)
                0x080049b4                PROVIDE (__preinit_array_end, .)

.init_array     0x080049b4        0x4
                0x080049b4                PROVIDE (__init_array_start, .)
 *(SORT(.init_array.*))
 *(.init_array*)
 .init_array    0x080049b4        0x4 c:/program files (x86)/atollic/truestudio for arm 7.1.2/armtools/bin/../lib/gcc/arm-atollic-eabi/5.3.1/armv7e-m/fpu/crtbegin.o
                0x080049b8                PROVIDE (__init_array_end, .)

.fini_array     0x080049b8        0x4
                [!provide]                PROVIDE (__fini_array_start, .)
 *(SORT(.fini_array.*))
 *(.fini_array*)
 .fini_array    0x080049b8        0x4 c:/program files (x86)/atollic/truestudio for arm 7.1.2/armtools/bin/../lib/gcc/arm-atollic-eabi/5.3.1/armv7e-m/fpu/crtbegin.o
                [!provide]                PROVIDE (__fini_array_end, .)
                0x080049bc                _sidata = LOADADDR (.data)

.data           0x20000000      0x160 load address 0x080049bc
                0x20000000                . = ALIGN (0x4)
                0x20000000                _sdata = .
 *(.data)
 *(.data*)
 .data.APBAHBPrescTable
                0x20000000       0x10 Libraries\STM32F4xx_StdPeriph_Driver\src\stm32f4xx_rcc.o
 .data.GPIO_PORT
                0x20000010       0x10 Utilities\STM32F4-Discovery\stm32f4_discovery.o
                0x20000010                GPIO_PORT
 .data.BUTTON_PORT
                0x20000020        0x4 Utilities\STM32F4-Discovery\stm32f4_discovery.o
                0x20000020                BUTTON_PORT
 .data.AudioTotalSize
                0x20000024        0x4 Utilities\STM32F4-Discovery\stm32f4_discovery_audio_codec.o
                0x20000024                AudioTotalSize
 .data.AudioRemSize
                0x20000028        0x4 Utilities\STM32F4-Discovery\stm32f4_discovery_audio_codec.o
                0x20000028                AudioRemSize
 .data.CODECTimeout
                0x2000002c        0x4 Utilities\STM32F4-Discovery\stm32f4_discovery_audio_codec.o
                0x2000002c                CODECTimeout
 .data.CurrAudioInterface
                0x20000030        0x4 Utilities\STM32F4-Discovery\stm32f4_discovery_audio_codec.o
                0x20000030                CurrAudioInterface
 .data.AUDIO_MAL_DMA_CLOCK
                0x20000034        0x4 Utilities\STM32F4-Discovery\stm32f4_discovery_audio_codec.o
                0x20000034                AUDIO_MAL_DMA_CLOCK
 .data.AUDIO_MAL_DMA_STREAM
                0x20000038        0x4 Utilities\STM32F4-Discovery\stm32f4_discovery_audio_codec.o
                0x20000038                AUDIO_MAL_DMA_STREAM
 .data.AUDIO_MAL_DMA_DREG
                0x2000003c        0x4 Utilities\STM32F4-Discovery\stm32f4_discovery_audio_codec.o
                0x2000003c                AUDIO_MAL_DMA_DREG
 .data.AUDIO_MAL_DMA_IRQ
                0x20000040        0x4 Utilities\STM32F4-Discovery\stm32f4_discovery_audio_codec.o
                0x20000040                AUDIO_MAL_DMA_IRQ
 .data.AUDIO_MAL_DMA_FLAG_TC
                0x20000044        0x4 Utilities\STM32F4-Discovery\stm32f4_discovery_audio_codec.o
                0x20000044                AUDIO_MAL_DMA_FLAG_TC
 .data.AUDIO_MAL_DMA_FLAG_HT
                0x20000048        0x4 Utilities\STM32F4-Discovery\stm32f4_discovery_audio_codec.o
                0x20000048                AUDIO_MAL_DMA_FLAG_HT
 .data.AUDIO_MAL_DMA_FLAG_FE
                0x2000004c        0x4 Utilities\STM32F4-Discovery\stm32f4_discovery_audio_codec.o
                0x2000004c                AUDIO_MAL_DMA_FLAG_FE
 .data.AUDIO_MAL_DMA_FLAG_TE
                0x20000050        0x4 Utilities\STM32F4-Discovery\stm32f4_discovery_audio_codec.o
                0x20000050                AUDIO_MAL_DMA_FLAG_TE
 .data.AUDIO_MAL_DMA_FLAG_DME
                0x20000054        0x4 Utilities\STM32F4-Discovery\stm32f4_discovery_audio_codec.o
                0x20000054                AUDIO_MAL_DMA_FLAG_DME
 .data.pass     0x20000058        0x4 src\main.o
                0x20000058                pass
 .data.freq_vco
                0x2000005c        0x4 src\main.o
                0x2000005c                freq_vco
 .data.freq_lfo
                0x20000060        0x4 src\main.o
                0x20000060                freq_lfo
 .data.wav_vco  0x20000064        0x2 src\main.o
                0x20000064                wav_vco
 .data.wav_lfo  0x20000066        0x2 src\main.o
                0x20000066                wav_lfo
 .data.__fdlib_version
                0x20000068        0x1 c:/program files (x86)/atollic/truestudio for arm 7.1.2/armtools/bin/../lib/gcc/arm-atollic-eabi/5.3.1/../../../../arm-atollic-eabi/lib/armv7e-m/fpu\libm.a(lib_a-s_lib_ver.o)
                0x20000068                __fdlib_version
 *fill*         0x20000069        0x3 
 .data.impure_data
                0x2000006c       0xf0 c:/program files (x86)/atollic/truestudio for arm 7.1.2/armtools/bin/../lib/gcc/arm-atollic-eabi/5.3.1/../../../../arm-atollic-eabi/lib/armv7e-m/fpu\libc.a(lib_a-impure.o)
 .data._impure_ptr
                0x2000015c        0x4 c:/program files (x86)/atollic/truestudio for arm 7.1.2/armtools/bin/../lib/gcc/arm-atollic-eabi/5.3.1/../../../../arm-atollic-eabi/lib/armv7e-m/fpu\libc.a(lib_a-impure.o)
                0x2000015c                _impure_ptr
                0x20000160                . = ALIGN (0x4)
                0x20000160                _edata = .
                0x08004b1c                _siccmram = LOADADDR (.ccmram)

.igot.plt       0x20000160        0x0 load address 0x08004b1c
 .igot.plt      0x20000160        0x0 c:/program files (x86)/atollic/truestudio for arm 7.1.2/armtools/bin/../lib/gcc/arm-atollic-eabi/5.3.1/armv7e-m/fpu/crtbegin.o

.ccmram         0x10000000        0x0 load address 0x08004b1c
                0x10000000                . = ALIGN (0x4)
                0x10000000                _sccmram = .
 *(.ccmram)
 *(.ccmram*)
                0x10000000                . = ALIGN (0x4)
                0x10000000                _eccmram = .
                0x10000000                . = ALIGN (0x4)

.bss            0x20000160      0x2a8
                0x20000160                _sbss = .
                0x20000160                __bss_start__ = _sbss
 *(.bss)
 .bss           0x20000160       0x1c c:/program files (x86)/atollic/truestudio for arm 7.1.2/armtools/bin/../lib/gcc/arm-atollic-eabi/5.3.1/armv7e-m/fpu/crtbegin.o
 *(.bss*)
 .bss.OutputDev
                0x2000017c        0x1 Utilities\STM32F4-Discovery\stm32f4_discovery_audio_codec.o
                0x2000017c                OutputDev
 *fill*         0x2000017d        0x3 
 .bss.AUDIO_MAL_DMA_CHANNEL
                0x20000180        0x4 Utilities\STM32F4-Discovery\stm32f4_discovery_audio_codec.o
                0x20000180                AUDIO_MAL_DMA_CHANNEL
 .bss.ADC3ConvertedValue
                0x20000184        0x2 src\main.o
                0x20000184                ADC3ConvertedValue
 .bss.state     0x20000186        0x1 src\main.o
                0x20000186                state
 *fill*         0x20000187        0x1 
 .bss.buffer_vco
                0x20000188       0x80 src\main.o
                0x20000188                buffer_vco
 .bss.buffer_lfo_float
                0x20000208      0x100 src\main.o
                0x20000208                buffer_lfo_float
 .bss.buffer_output
                0x20000308       0x80 src\main.o
                0x20000308                buffer_output
 .bss.sample_count
                0x20000388        0x2 src\main.o
                0x20000388                sample_count
 .bss.mod_type  0x2000038a        0x2 src\main.o
                0x2000038a                mod_type
 *(COMMON)
 COMMON         0x2000038c       0x7c Utilities\STM32F4-Discovery\stm32f4_discovery_audio_codec.o
                0x2000038c                CurrentPos
                0x20000390                AUDIO_MAL_DMA_InitStructure
                0x200003cc                DMA_InitStructure
                0x20000408                . = ALIGN (0x4)
                0x20000408                _ebss = .
                0x20000408                __bss_end__ = _ebss

._user_heap_stack
                0x20000408      0x400
                0x20000408                . = ALIGN (0x4)
                [!provide]                PROVIDE (end, .)
                [!provide]                PROVIDE (_end, .)
                0x20000408                . = (. + _Min_Heap_Size)
                0x20000808                . = (. + _Min_Stack_Size)
 *fill*         0x20000408      0x400 
                0x20000808                . = ALIGN (0x4)

.memory_b1_text
 *(.mb1text)
 *(.mb1text*)
 *(.mb1rodata)
 *(.mb1rodata*)

/DISCARD/
 libc.a(*)
 libm.a(*)
 libgcc.a(*)

.ARM.attributes
                0x00000000       0x2e
 *(.ARM.attributes)
 .ARM.attributes
                0x00000000       0x22 c:/program files (x86)/atollic/truestudio for arm 7.1.2/armtools/bin/../lib/gcc/arm-atollic-eabi/5.3.1/armv7e-m/fpu/crti.o
 .ARM.attributes
                0x00000022       0x34 c:/program files (x86)/atollic/truestudio for arm 7.1.2/armtools/bin/../lib/gcc/arm-atollic-eabi/5.3.1/armv7e-m/fpu/crtbegin.o
 .ARM.attributes
                0x00000056       0x39 Libraries\STM32F4xx_StdPeriph_Driver\src\misc.o
 .ARM.attributes
                0x0000008f       0x39 Libraries\STM32F4xx_StdPeriph_Driver\src\stm32f4xx_adc.o
 .ARM.attributes
                0x000000c8       0x39 Libraries\STM32F4xx_StdPeriph_Driver\src\stm32f4xx_dac.o
 .ARM.attributes
                0x00000101       0x39 Libraries\STM32F4xx_StdPeriph_Driver\src\stm32f4xx_dma.o
 .ARM.attributes
                0x0000013a       0x39 Libraries\STM32F4xx_StdPeriph_Driver\src\stm32f4xx_exti.o
 .ARM.attributes
                0x00000173       0x39 Libraries\STM32F4xx_StdPeriph_Driver\src\stm32f4xx_gpio.o
 .ARM.attributes
                0x000001ac       0x39 Libraries\STM32F4xx_StdPeriph_Driver\src\stm32f4xx_i2c.o
 .ARM.attributes
                0x000001e5       0x39 Libraries\STM32F4xx_StdPeriph_Driver\src\stm32f4xx_rcc.o
 .ARM.attributes
                0x0000021e       0x39 Libraries\STM32F4xx_StdPeriph_Driver\src\stm32f4xx_spi.o
 .ARM.attributes
                0x00000257       0x39 Libraries\STM32F4xx_StdPeriph_Driver\src\stm32f4xx_syscfg.o
 .ARM.attributes
                0x00000290       0x39 Utilities\STM32F4-Discovery\stm32f4_discovery.o
 .ARM.attributes
                0x000002c9       0x39 Utilities\STM32F4-Discovery\stm32f4_discovery_audio_codec.o
 .ARM.attributes
                0x00000302       0x39 src\main.o
 .ARM.attributes
                0x0000033b       0x21 src\startup_stm32f40xx.o
 .ARM.attributes
                0x0000035c       0x39 src\stm32f4xx_it.o
 .ARM.attributes
                0x00000395       0x39 src\system_stm32f4xx.o
 .ARM.attributes
                0x000003ce       0x39 C:\stm32_workspace\STM32F4xx_DSP_StdPeriph_Lib_V1.8.0\Libraries\CMSIS\Lib\GCC\libarm_cortexM4lf_math.a(arm_sin_f32.o)
 .ARM.attributes
                0x00000407       0x39 C:\stm32_workspace\STM32F4xx_DSP_StdPeriph_Lib_V1.8.0\Libraries\CMSIS\Lib\GCC\libarm_cortexM4lf_math.a(arm_common_tables.o)
 .ARM.attributes
                0x00000440       0x34 c:/program files (x86)/atollic/truestudio for arm 7.1.2/armtools/bin/../lib/gcc/arm-atollic-eabi/5.3.1/../../../../arm-atollic-eabi/lib/armv7e-m/fpu\libc.a(lib_a-init.o)
 .ARM.attributes
                0x00000474       0x34 c:/program files (x86)/atollic/truestudio for arm 7.1.2/armtools/bin/../lib/gcc/arm-atollic-eabi/5.3.1/../../../../arm-atollic-eabi/lib/armv7e-m/fpu\libm.a(lib_a-w_fmod.o)
 .ARM.attributes
                0x000004a8       0x34 c:/program files (x86)/atollic/truestudio for arm 7.1.2/armtools/bin/../lib/gcc/arm-atollic-eabi/5.3.1/../../../../arm-atollic-eabi/lib/armv7e-m/fpu\libm.a(lib_a-e_fmod.o)
 .ARM.attributes
                0x000004dc       0x34 c:/program files (x86)/atollic/truestudio for arm 7.1.2/armtools/bin/../lib/gcc/arm-atollic-eabi/5.3.1/../../../../arm-atollic-eabi/lib/armv7e-m/fpu\libm.a(lib_a-s_lib_ver.o)
 .ARM.attributes
                0x00000510       0x34 c:/program files (x86)/atollic/truestudio for arm 7.1.2/armtools/bin/../lib/gcc/arm-atollic-eabi/5.3.1/../../../../arm-atollic-eabi/lib/armv7e-m/fpu\libm.a(lib_a-s_matherr.o)
 .ARM.attributes
                0x00000544       0x34 c:/program files (x86)/atollic/truestudio for arm 7.1.2/armtools/bin/../lib/gcc/arm-atollic-eabi/5.3.1/../../../../arm-atollic-eabi/lib/armv7e-m/fpu\libc.a(lib_a-errno.o)
 .ARM.attributes
                0x00000578       0x34 c:/program files (x86)/atollic/truestudio for arm 7.1.2/armtools/bin/../lib/gcc/arm-atollic-eabi/5.3.1/../../../../arm-atollic-eabi/lib/armv7e-m/fpu\libc.a(lib_a-impure.o)
 .ARM.attributes
                0x000005ac       0x22 c:/program files (x86)/atollic/truestudio for arm 7.1.2/armtools/bin/../lib/gcc/arm-atollic-eabi/5.3.1/armv7e-m/fpu\libgcc.a(_arm_addsubdf3.o)
 .ARM.attributes
                0x000005ce       0x22 c:/program files (x86)/atollic/truestudio for arm 7.1.2/armtools/bin/../lib/gcc/arm-atollic-eabi/5.3.1/armv7e-m/fpu\libgcc.a(_arm_muldivdf3.o)
 .ARM.attributes
                0x000005f0       0x22 c:/program files (x86)/atollic/truestudio for arm 7.1.2/armtools/bin/../lib/gcc/arm-atollic-eabi/5.3.1/armv7e-m/fpu\libgcc.a(_arm_cmpdf2.o)
 .ARM.attributes
                0x00000612       0x22 c:/program files (x86)/atollic/truestudio for arm 7.1.2/armtools/bin/../lib/gcc/arm-atollic-eabi/5.3.1/armv7e-m/fpu\libgcc.a(_arm_unorddf2.o)
 .ARM.attributes
                0x00000634       0x22 c:/program files (x86)/atollic/truestudio for arm 7.1.2/armtools/bin/../lib/gcc/arm-atollic-eabi/5.3.1/armv7e-m/fpu\libgcc.a(_arm_truncdfsf2.o)
 .ARM.attributes
                0x00000656       0x22 c:/program files (x86)/atollic/truestudio for arm 7.1.2/armtools/bin/../lib/gcc/arm-atollic-eabi/5.3.1/armv7e-m/fpu/crtn.o
OUTPUT(audio_test_01.elf elf32-littlearm)

.debug_info     0x00000000     0x8515
 .debug_info    0x00000000      0x55a Libraries\STM32F4xx_StdPeriph_Driver\src\misc.o
 .debug_info    0x0000055a      0xc44 Libraries\STM32F4xx_StdPeriph_Driver\src\stm32f4xx_adc.o
 .debug_info    0x0000119e      0x649 Libraries\STM32F4xx_StdPeriph_Driver\src\stm32f4xx_dac.o
 .debug_info    0x000017e7      0x745 Libraries\STM32F4xx_StdPeriph_Driver\src\stm32f4xx_dma.o
 .debug_info    0x00001f2c      0x35b Libraries\STM32F4xx_StdPeriph_Driver\src\stm32f4xx_exti.o
 .debug_info    0x00002287      0x621 Libraries\STM32F4xx_StdPeriph_Driver\src\stm32f4xx_gpio.o
 .debug_info    0x000028a8      0xb97 Libraries\STM32F4xx_StdPeriph_Driver\src\stm32f4xx_i2c.o
 .debug_info    0x0000343f      0xc8d Libraries\STM32F4xx_StdPeriph_Driver\src\stm32f4xx_rcc.o
 .debug_info    0x000040cc      0xb13 Libraries\STM32F4xx_StdPeriph_Driver\src\stm32f4xx_spi.o
 .debug_info    0x00004bdf      0x278 Libraries\STM32F4xx_StdPeriph_Driver\src\stm32f4xx_syscfg.o
 .debug_info    0x00004e57      0x8b6 Utilities\STM32F4-Discovery\stm32f4_discovery.o
 .debug_info    0x0000570d     0x10bf Utilities\STM32F4-Discovery\stm32f4_discovery_audio_codec.o
 .debug_info    0x000067cc      0xa74 src\main.o
 .debug_info    0x00007240       0x67 src\startup_stm32f40xx.o
 .debug_info    0x000072a7      0x171 src\stm32f4xx_it.o
 .debug_info    0x00007418      0x5d6 src\system_stm32f4xx.o
 .debug_info    0x000079ee      0x18a C:\stm32_workspace\STM32F4xx_DSP_StdPeriph_Lib_V1.8.0\Libraries\CMSIS\Lib\GCC\libarm_cortexM4lf_math.a(arm_sin_f32.o)
 .debug_info    0x00007b78      0x99d C:\stm32_workspace\STM32F4xx_DSP_StdPeriph_Lib_V1.8.0\Libraries\CMSIS\Lib\GCC\libarm_cortexM4lf_math.a(arm_common_tables.o)

.debug_abbrev   0x00000000     0x180e
 .debug_abbrev  0x00000000      0x149 Libraries\STM32F4xx_StdPeriph_Driver\src\misc.o
 .debug_abbrev  0x00000149      0x19a Libraries\STM32F4xx_StdPeriph_Driver\src\stm32f4xx_adc.o
 .debug_abbrev  0x000002e3      0x180 Libraries\STM32F4xx_StdPeriph_Driver\src\stm32f4xx_dac.o
 .debug_abbrev  0x00000463      0x159 Libraries\STM32F4xx_StdPeriph_Driver\src\stm32f4xx_dma.o
 .debug_abbrev  0x000005bc      0x1ab Libraries\STM32F4xx_StdPeriph_Driver\src\stm32f4xx_exti.o
 .debug_abbrev  0x00000767      0x1a9 Libraries\STM32F4xx_StdPeriph_Driver\src\stm32f4xx_gpio.o
 .debug_abbrev  0x00000910      0x168 Libraries\STM32F4xx_StdPeriph_Driver\src\stm32f4xx_i2c.o
 .debug_abbrev  0x00000a78      0x1e7 Libraries\STM32F4xx_StdPeriph_Driver\src\stm32f4xx_rcc.o
 .debug_abbrev  0x00000c5f      0x16b Libraries\STM32F4xx_StdPeriph_Driver\src\stm32f4xx_spi.o
 .debug_abbrev  0x00000dca      0x135 Libraries\STM32F4xx_StdPeriph_Driver\src\stm32f4xx_syscfg.o
 .debug_abbrev  0x00000eff      0x194 Utilities\STM32F4-Discovery\stm32f4_discovery.o
 .debug_abbrev  0x00001093      0x267 Utilities\STM32F4-Discovery\stm32f4_discovery_audio_codec.o
 .debug_abbrev  0x000012fa      0x206 src\main.o
 .debug_abbrev  0x00001500       0x12 src\startup_stm32f40xx.o
 .debug_abbrev  0x00001512       0x67 src\stm32f4xx_it.o
 .debug_abbrev  0x00001579      0x13a src\system_stm32f4xx.o
 .debug_abbrev  0x000016b3       0xd7 C:\stm32_workspace\STM32F4xx_DSP_StdPeriph_Lib_V1.8.0\Libraries\CMSIS\Lib\GCC\libarm_cortexM4lf_math.a(arm_sin_f32.o)
 .debug_abbrev  0x0000178a       0x84 C:\stm32_workspace\STM32F4xx_DSP_StdPeriph_Lib_V1.8.0\Libraries\CMSIS\Lib\GCC\libarm_cortexM4lf_math.a(arm_common_tables.o)

.debug_aranges  0x00000000      0xa78
 .debug_aranges
                0x00000000       0x40 Libraries\STM32F4xx_StdPeriph_Driver\src\misc.o
 .debug_aranges
                0x00000040      0x148 Libraries\STM32F4xx_StdPeriph_Driver\src\stm32f4xx_adc.o
 .debug_aranges
                0x00000188       0xa0 Libraries\STM32F4xx_StdPeriph_Driver\src\stm32f4xx_dac.o
 .debug_aranges
                0x00000228       0xb0 Libraries\STM32F4xx_StdPeriph_Driver\src\stm32f4xx_dma.o
 .debug_aranges
                0x000002d8       0x58 Libraries\STM32F4xx_StdPeriph_Driver\src\stm32f4xx_exti.o
 .debug_aranges
                0x00000330       0x88 Libraries\STM32F4xx_StdPeriph_Driver\src\stm32f4xx_gpio.o
 .debug_aranges
                0x000003b8      0x130 Libraries\STM32F4xx_StdPeriph_Driver\src\stm32f4xx_i2c.o
 .debug_aranges
                0x000004e8      0x180 Libraries\STM32F4xx_StdPeriph_Driver\src\stm32f4xx_rcc.o
 .debug_aranges
                0x00000668       0xe0 Libraries\STM32F4xx_StdPeriph_Driver\src\stm32f4xx_spi.o
 .debug_aranges
                0x00000748       0x48 Libraries\STM32F4xx_StdPeriph_Driver\src\stm32f4xx_syscfg.o
 .debug_aranges
                0x00000790       0x48 Utilities\STM32F4-Discovery\stm32f4_discovery.o
 .debug_aranges
                0x000007d8      0x130 Utilities\STM32F4-Discovery\stm32f4_discovery_audio_codec.o
 .debug_aranges
                0x00000908       0x70 src\main.o
 .debug_aranges
                0x00000978       0x28 src\startup_stm32f40xx.o
 .debug_aranges
                0x000009a0       0x70 src\stm32f4xx_it.o
 .debug_aranges
                0x00000a10       0x30 src\system_stm32f4xx.o
 .debug_aranges
                0x00000a40       0x20 C:\stm32_workspace\STM32F4xx_DSP_StdPeriph_Lib_V1.8.0\Libraries\CMSIS\Lib\GCC\libarm_cortexM4lf_math.a(arm_sin_f32.o)
 .debug_aranges
                0x00000a60       0x18 C:\stm32_workspace\STM32F4xx_DSP_StdPeriph_Lib_V1.8.0\Libraries\CMSIS\Lib\GCC\libarm_cortexM4lf_math.a(arm_common_tables.o)

.debug_ranges   0x00000000      0x958
 .debug_ranges  0x00000000       0x30 Libraries\STM32F4xx_StdPeriph_Driver\src\misc.o
 .debug_ranges  0x00000030      0x138 Libraries\STM32F4xx_StdPeriph_Driver\src\stm32f4xx_adc.o
 .debug_ranges  0x00000168       0x90 Libraries\STM32F4xx_StdPeriph_Driver\src\stm32f4xx_dac.o
 .debug_ranges  0x000001f8       0xa0 Libraries\STM32F4xx_StdPeriph_Driver\src\stm32f4xx_dma.o
 .debug_ranges  0x00000298       0x48 Libraries\STM32F4xx_StdPeriph_Driver\src\stm32f4xx_exti.o
 .debug_ranges  0x000002e0       0x78 Libraries\STM32F4xx_StdPeriph_Driver\src\stm32f4xx_gpio.o
 .debug_ranges  0x00000358      0x120 Libraries\STM32F4xx_StdPeriph_Driver\src\stm32f4xx_i2c.o
 .debug_ranges  0x00000478      0x170 Libraries\STM32F4xx_StdPeriph_Driver\src\stm32f4xx_rcc.o
 .debug_ranges  0x000005e8       0xd0 Libraries\STM32F4xx_StdPeriph_Driver\src\stm32f4xx_spi.o
 .debug_ranges  0x000006b8       0x38 Libraries\STM32F4xx_StdPeriph_Driver\src\stm32f4xx_syscfg.o
 .debug_ranges  0x000006f0       0x38 Utilities\STM32F4-Discovery\stm32f4_discovery.o
 .debug_ranges  0x00000728      0x120 Utilities\STM32F4-Discovery\stm32f4_discovery_audio_codec.o
 .debug_ranges  0x00000848       0x60 src\main.o
 .debug_ranges  0x000008a8       0x20 src\startup_stm32f40xx.o
 .debug_ranges  0x000008c8       0x60 src\stm32f4xx_it.o
 .debug_ranges  0x00000928       0x20 src\system_stm32f4xx.o
 .debug_ranges  0x00000948       0x10 C:\stm32_workspace\STM32F4xx_DSP_StdPeriph_Lib_V1.8.0\Libraries\CMSIS\Lib\GCC\libarm_cortexM4lf_math.a(arm_sin_f32.o)

.debug_line     0x00000000     0x4053
 .debug_line    0x00000000      0x293 Libraries\STM32F4xx_StdPeriph_Driver\src\misc.o
 .debug_line    0x00000293      0x5b2 Libraries\STM32F4xx_StdPeriph_Driver\src\stm32f4xx_adc.o
 .debug_line    0x00000845      0x3a7 Libraries\STM32F4xx_StdPeriph_Driver\src\stm32f4xx_dac.o
 .debug_line    0x00000bec      0x47f Libraries\STM32F4xx_StdPeriph_Driver\src\stm32f4xx_dma.o
 .debug_line    0x0000106b      0x2f6 Libraries\STM32F4xx_StdPeriph_Driver\src\stm32f4xx_exti.o
 .debug_line    0x00001361      0x3b5 Libraries\STM32F4xx_StdPeriph_Driver\src\stm32f4xx_gpio.o
 .debug_line    0x00001716      0x56b Libraries\STM32F4xx_StdPeriph_Driver\src\stm32f4xx_i2c.o
 .debug_line    0x00001c81      0x60d Libraries\STM32F4xx_StdPeriph_Driver\src\stm32f4xx_rcc.o
 .debug_line    0x0000228e      0x4c5 Libraries\STM32F4xx_StdPeriph_Driver\src\stm32f4xx_spi.o
 .debug_line    0x00002753      0x250 Libraries\STM32F4xx_StdPeriph_Driver\src\stm32f4xx_syscfg.o
 .debug_line    0x000029a3      0x2e4 Utilities\STM32F4-Discovery\stm32f4_discovery.o
 .debug_line    0x00002c87      0x6fd Utilities\STM32F4-Discovery\stm32f4_discovery_audio_codec.o
 .debug_line    0x00003384      0x551 src\main.o
 .debug_line    0x000038d5       0x7a src\startup_stm32f40xx.o
 .debug_line    0x0000394f      0x229 src\stm32f4xx_it.o
 .debug_line    0x00003b78      0x246 src\system_stm32f4xx.o
 .debug_line    0x00003dbe      0x16c C:\stm32_workspace\STM32F4xx_DSP_StdPeriph_Lib_V1.8.0\Libraries\CMSIS\Lib\GCC\libarm_cortexM4lf_math.a(arm_sin_f32.o)
 .debug_line    0x00003f2a      0x129 C:\stm32_workspace\STM32F4xx_DSP_StdPeriph_Lib_V1.8.0\Libraries\CMSIS\Lib\GCC\libarm_cortexM4lf_math.a(arm_common_tables.o)

.debug_str      0x00000000     0x39a8
 .debug_str     0x00000000      0x3e0 Libraries\STM32F4xx_StdPeriph_Driver\src\misc.o
                                0x434 (size before relaxing)
 .debug_str     0x000003e0      0x657 Libraries\STM32F4xx_StdPeriph_Driver\src\stm32f4xx_adc.o
                                0x86a (size before relaxing)
 .debug_str     0x00000a37      0x276 Libraries\STM32F4xx_StdPeriph_Driver\src\stm32f4xx_dac.o
                                0x4b9 (size before relaxing)
 .debug_str     0x00000cad      0x37d Libraries\STM32F4xx_StdPeriph_Driver\src\stm32f4xx_dma.o
                                0x5a8 (size before relaxing)
 .debug_str     0x0000102a      0x1c0 Libraries\STM32F4xx_StdPeriph_Driver\src\stm32f4xx_exti.o
                                0x3bf (size before relaxing)
 .debug_str     0x000011ea      0x2ff Libraries\STM32F4xx_StdPeriph_Driver\src\stm32f4xx_gpio.o
                                0x509 (size before relaxing)
 .debug_str     0x000014e9      0x49d Libraries\STM32F4xx_StdPeriph_Driver\src\stm32f4xx_i2c.o
                                0x718 (size before relaxing)
 .debug_str     0x00001986      0x5e5 Libraries\STM32F4xx_StdPeriph_Driver\src\stm32f4xx_rcc.o
                                0x8df (size before relaxing)
 .debug_str     0x00001f6b      0x392 Libraries\STM32F4xx_StdPeriph_Driver\src\stm32f4xx_spi.o
                                0x6f0 (size before relaxing)
 .debug_str     0x000022fd      0x156 Libraries\STM32F4xx_StdPeriph_Driver\src\stm32f4xx_syscfg.o
                                0x35a (size before relaxing)
 .debug_str     0x00002453      0x6d3 Utilities\STM32F4-Discovery\stm32f4_discovery.o
                                0xb8f (size before relaxing)
 .debug_str     0x00002b26      0x478 Utilities\STM32F4-Discovery\stm32f4_discovery_audio_codec.o
                               0x10df (size before relaxing)
 .debug_str     0x00002f9e      0x240 src\main.o
                                0x908 (size before relaxing)
 .debug_str     0x000031de       0xc7 src\stm32f4xx_it.o
                                0x280 (size before relaxing)
 .debug_str     0x000032a5       0x9f src\system_stm32f4xx.o
                                0x3f8 (size before relaxing)
 .debug_str     0x00003344      0x161 C:\stm32_workspace\STM32F4xx_DSP_StdPeriph_Lib_V1.8.0\Libraries\CMSIS\Lib\GCC\libarm_cortexM4lf_math.a(arm_sin_f32.o)
                                0x242 (size before relaxing)
 .debug_str     0x000034a5      0x503 C:\stm32_workspace\STM32F4xx_DSP_StdPeriph_Lib_V1.8.0\Libraries\CMSIS\Lib\GCC\libarm_cortexM4lf_math.a(arm_common_tables.o)
                                0x704 (size before relaxing)

.comment        0x00000000       0xee
 .comment       0x00000000       0x7e Libraries\STM32F4xx_StdPeriph_Driver\src\misc.o
                                 0x7f (size before relaxing)
 .comment       0x0000007e       0x7f Libraries\STM32F4xx_StdPeriph_Driver\src\stm32f4xx_adc.o
 .comment       0x0000007e       0x7f Libraries\STM32F4xx_StdPeriph_Driver\src\stm32f4xx_dac.o
 .comment       0x0000007e       0x7f Libraries\STM32F4xx_StdPeriph_Driver\src\stm32f4xx_dma.o
 .comment       0x0000007e       0x7f Libraries\STM32F4xx_StdPeriph_Driver\src\stm32f4xx_exti.o
 .comment       0x0000007e       0x7f Libraries\STM32F4xx_StdPeriph_Driver\src\stm32f4xx_gpio.o
 .comment       0x0000007e       0x7f Libraries\STM32F4xx_StdPeriph_Driver\src\stm32f4xx_i2c.o
 .comment       0x0000007e       0x7f Libraries\STM32F4xx_StdPeriph_Driver\src\stm32f4xx_rcc.o
 .comment       0x0000007e       0x7f Libraries\STM32F4xx_StdPeriph_Driver\src\stm32f4xx_spi.o
 .comment       0x0000007e       0x7f Libraries\STM32F4xx_StdPeriph_Driver\src\stm32f4xx_syscfg.o
 .comment       0x0000007e       0x7f Utilities\STM32F4-Discovery\stm32f4_discovery.o
 .comment       0x0000007e       0x7f Utilities\STM32F4-Discovery\stm32f4_discovery_audio_codec.o
 .comment       0x0000007e       0x7f src\main.o
 .comment       0x0000007e       0x7f src\stm32f4xx_it.o
 .comment       0x0000007e       0x7f src\system_stm32f4xx.o
 .comment       0x0000007e       0x70 C:\stm32_workspace\STM32F4xx_DSP_StdPeriph_Lib_V1.8.0\Libraries\CMSIS\Lib\GCC\libarm_cortexM4lf_math.a(arm_sin_f32.o)
                                 0x71 (size before relaxing)
 .comment       0x000000ee       0x71 C:\stm32_workspace\STM32F4xx_DSP_StdPeriph_Lib_V1.8.0\Libraries\CMSIS\Lib\GCC\libarm_cortexM4lf_math.a(arm_common_tables.o)

.debug_frame    0x00000000     0x2b84
 .debug_frame   0x00000000       0xd8 Libraries\STM32F4xx_StdPeriph_Driver\src\misc.o
 .debug_frame   0x000000d8      0x5ec Libraries\STM32F4xx_StdPeriph_Driver\src\stm32f4xx_adc.o
 .debug_frame   0x000006c4      0x2ac Libraries\STM32F4xx_StdPeriph_Driver\src\stm32f4xx_dac.o
 .debug_frame   0x00000970      0x308 Libraries\STM32F4xx_StdPeriph_Driver\src\stm32f4xx_dma.o
 .debug_frame   0x00000c78      0x148 Libraries\STM32F4xx_StdPeriph_Driver\src\stm32f4xx_exti.o
 .debug_frame   0x00000dc0      0x23c Libraries\STM32F4xx_StdPeriph_Driver\src\stm32f4xx_gpio.o
 .debug_frame   0x00000ffc      0x580 Libraries\STM32F4xx_StdPeriph_Driver\src\stm32f4xx_i2c.o
 .debug_frame   0x0000157c      0x6fc Libraries\STM32F4xx_StdPeriph_Driver\src\stm32f4xx_rcc.o
 .debug_frame   0x00001c78      0x3f4 Libraries\STM32F4xx_StdPeriph_Driver\src\stm32f4xx_spi.o
 .debug_frame   0x0000206c       0xf4 Libraries\STM32F4xx_StdPeriph_Driver\src\stm32f4xx_syscfg.o
 .debug_frame   0x00002160       0xf4 Utilities\STM32F4-Discovery\stm32f4_discovery.o
 .debug_frame   0x00002254      0x4c4 Utilities\STM32F4-Discovery\stm32f4_discovery_audio_codec.o
 .debug_frame   0x00002718      0x194 src\main.o
 .debug_frame   0x000028ac      0x150 src\stm32f4xx_it.o
 .debug_frame   0x000029fc       0x7c src\system_stm32f4xx.o
 .debug_frame   0x00002a78       0x20 C:\stm32_workspace\STM32F4xx_DSP_StdPeriph_Lib_V1.8.0\Libraries\CMSIS\Lib\GCC\libarm_cortexM4lf_math.a(arm_sin_f32.o)
 .debug_frame   0x00002a98       0x2c c:/program files (x86)/atollic/truestudio for arm 7.1.2/armtools/bin/../lib/gcc/arm-atollic-eabi/5.3.1/../../../../arm-atollic-eabi/lib/armv7e-m/fpu\libc.a(lib_a-init.o)
 .debug_frame   0x00002ac4       0x48 c:/program files (x86)/atollic/truestudio for arm 7.1.2/armtools/bin/../lib/gcc/arm-atollic-eabi/5.3.1/../../../../arm-atollic-eabi/lib/armv7e-m/fpu\libm.a(lib_a-w_fmod.o)
 .debug_frame   0x00002b0c       0x38 c:/program files (x86)/atollic/truestudio for arm 7.1.2/armtools/bin/../lib/gcc/arm-atollic-eabi/5.3.1/../../../../arm-atollic-eabi/lib/armv7e-m/fpu\libm.a(lib_a-e_fmod.o)
 .debug_frame   0x00002b44       0x20 c:/program files (x86)/atollic/truestudio for arm 7.1.2/armtools/bin/../lib/gcc/arm-atollic-eabi/5.3.1/../../../../arm-atollic-eabi/lib/armv7e-m/fpu\libm.a(lib_a-s_matherr.o)
 .debug_frame   0x00002b64       0x20 c:/program files (x86)/atollic/truestudio for arm 7.1.2/armtools/bin/../lib/gcc/arm-atollic-eabi/5.3.1/../../../../arm-atollic-eabi/lib/armv7e-m/fpu\libc.a(lib_a-errno.o)

.debug_loc      0x00000000       0xc8
 .debug_loc     0x00000000       0xc8 C:\stm32_workspace\STM32F4xx_DSP_StdPeriph_Lib_V1.8.0\Libraries\CMSIS\Lib\GCC\libarm_cortexM4lf_math.a(arm_sin_f32.o)

Cross Reference Table

Symbol                                            File
ADC3ConvertedValue                                src\main.o
ADC3_CH12_DMA_Config                              src\main.o
ADC_AnalogWatchdogCmd                             Libraries\STM32F4xx_StdPeriph_Driver\src\stm32f4xx_adc.o
ADC_AnalogWatchdogSingleChannelConfig             Libraries\STM32F4xx_StdPeriph_Driver\src\stm32f4xx_adc.o
ADC_AnalogWatchdogThresholdsConfig                Libraries\STM32F4xx_StdPeriph_Driver\src\stm32f4xx_adc.o
ADC_AutoInjectedConvCmd                           Libraries\STM32F4xx_StdPeriph_Driver\src\stm32f4xx_adc.o
ADC_ClearFlag                                     Libraries\STM32F4xx_StdPeriph_Driver\src\stm32f4xx_adc.o
ADC_ClearITPendingBit                             Libraries\STM32F4xx_StdPeriph_Driver\src\stm32f4xx_adc.o
ADC_Cmd                                           Libraries\STM32F4xx_StdPeriph_Driver\src\stm32f4xx_adc.o
                                                  src\main.o
ADC_CommonInit                                    Libraries\STM32F4xx_StdPeriph_Driver\src\stm32f4xx_adc.o
                                                  src\main.o
ADC_CommonStructInit                              Libraries\STM32F4xx_StdPeriph_Driver\src\stm32f4xx_adc.o
ADC_ContinuousModeCmd                             Libraries\STM32F4xx_StdPeriph_Driver\src\stm32f4xx_adc.o
ADC_DMACmd                                        Libraries\STM32F4xx_StdPeriph_Driver\src\stm32f4xx_adc.o
                                                  src\main.o
ADC_DMARequestAfterLastTransferCmd                Libraries\STM32F4xx_StdPeriph_Driver\src\stm32f4xx_adc.o
                                                  src\main.o
ADC_DeInit                                        Libraries\STM32F4xx_StdPeriph_Driver\src\stm32f4xx_adc.o
ADC_DiscModeChannelCountConfig                    Libraries\STM32F4xx_StdPeriph_Driver\src\stm32f4xx_adc.o
ADC_DiscModeCmd                                   Libraries\STM32F4xx_StdPeriph_Driver\src\stm32f4xx_adc.o
ADC_EOCOnEachRegularChannelCmd                    Libraries\STM32F4xx_StdPeriph_Driver\src\stm32f4xx_adc.o
ADC_ExternalTrigInjectedConvConfig                Libraries\STM32F4xx_StdPeriph_Driver\src\stm32f4xx_adc.o
ADC_ExternalTrigInjectedConvEdgeConfig            Libraries\STM32F4xx_StdPeriph_Driver\src\stm32f4xx_adc.o
ADC_GetConversionValue                            Libraries\STM32F4xx_StdPeriph_Driver\src\stm32f4xx_adc.o
ADC_GetFlagStatus                                 Libraries\STM32F4xx_StdPeriph_Driver\src\stm32f4xx_adc.o
ADC_GetITStatus                                   Libraries\STM32F4xx_StdPeriph_Driver\src\stm32f4xx_adc.o
ADC_GetInjectedConversionValue                    Libraries\STM32F4xx_StdPeriph_Driver\src\stm32f4xx_adc.o
ADC_GetMultiModeConversionValue                   Libraries\STM32F4xx_StdPeriph_Driver\src\stm32f4xx_adc.o
ADC_GetSoftwareStartConvStatus                    Libraries\STM32F4xx_StdPeriph_Driver\src\stm32f4xx_adc.o
ADC_GetSoftwareStartInjectedConvCmdStatus         Libraries\STM32F4xx_StdPeriph_Driver\src\stm32f4xx_adc.o
ADC_IRQHandler                                    src\startup_stm32f40xx.o
ADC_ITConfig                                      Libraries\STM32F4xx_StdPeriph_Driver\src\stm32f4xx_adc.o
ADC_Init                                          Libraries\STM32F4xx_StdPeriph_Driver\src\stm32f4xx_adc.o
                                                  src\main.o
ADC_InjectedChannelConfig                         Libraries\STM32F4xx_StdPeriph_Driver\src\stm32f4xx_adc.o
ADC_InjectedDiscModeCmd                           Libraries\STM32F4xx_StdPeriph_Driver\src\stm32f4xx_adc.o
ADC_InjectedSequencerLengthConfig                 Libraries\STM32F4xx_StdPeriph_Driver\src\stm32f4xx_adc.o
ADC_MultiModeDMARequestAfterLastTransferCmd       Libraries\STM32F4xx_StdPeriph_Driver\src\stm32f4xx_adc.o
ADC_RegularChannelConfig                          Libraries\STM32F4xx_StdPeriph_Driver\src\stm32f4xx_adc.o
                                                  src\main.o
ADC_SetInjectedOffset                             Libraries\STM32F4xx_StdPeriph_Driver\src\stm32f4xx_adc.o
ADC_SoftwareStartConv                             Libraries\STM32F4xx_StdPeriph_Driver\src\stm32f4xx_adc.o
                                                  src\main.o
ADC_SoftwareStartInjectedConv                     Libraries\STM32F4xx_StdPeriph_Driver\src\stm32f4xx_adc.o
ADC_StructInit                                    Libraries\STM32F4xx_StdPeriph_Driver\src\stm32f4xx_adc.o
ADC_TempSensorVrefintCmd                          Libraries\STM32F4xx_StdPeriph_Driver\src\stm32f4xx_adc.o
ADC_VBATCmd                                       Libraries\STM32F4xx_StdPeriph_Driver\src\stm32f4xx_adc.o
AHBPrescTable                                     src\system_stm32f4xx.o
AUDIO_MAL_DMA_CHANNEL                             Utilities\STM32F4-Discovery\stm32f4_discovery_audio_codec.o
AUDIO_MAL_DMA_CLOCK                               Utilities\STM32F4-Discovery\stm32f4_discovery_audio_codec.o
AUDIO_MAL_DMA_DREG                                Utilities\STM32F4-Discovery\stm32f4_discovery_audio_codec.o
AUDIO_MAL_DMA_FLAG_DME                            Utilities\STM32F4-Discovery\stm32f4_discovery_audio_codec.o
AUDIO_MAL_DMA_FLAG_FE                             Utilities\STM32F4-Discovery\stm32f4_discovery_audio_codec.o
AUDIO_MAL_DMA_FLAG_HT                             Utilities\STM32F4-Discovery\stm32f4_discovery_audio_codec.o
AUDIO_MAL_DMA_FLAG_TC                             Utilities\STM32F4-Discovery\stm32f4_discovery_audio_codec.o
AUDIO_MAL_DMA_FLAG_TE                             Utilities\STM32F4-Discovery\stm32f4_discovery_audio_codec.o
AUDIO_MAL_DMA_IRQ                                 Utilities\STM32F4-Discovery\stm32f4_discovery_audio_codec.o
AUDIO_MAL_DMA_InitStructure                       Utilities\STM32F4-Discovery\stm32f4_discovery_audio_codec.o
AUDIO_MAL_DMA_STREAM                              Utilities\STM32F4-Discovery\stm32f4_discovery_audio_codec.o
AudioRemSize                                      Utilities\STM32F4-Discovery\stm32f4_discovery_audio_codec.o
AudioTotalSize                                    Utilities\STM32F4-Discovery\stm32f4_discovery_audio_codec.o
Audio_MAL_Play                                    Utilities\STM32F4-Discovery\stm32f4_discovery_audio_codec.o
BUTTON_CLK                                        Utilities\STM32F4-Discovery\stm32f4_discovery.o
BUTTON_EXTI_LINE                                  Utilities\STM32F4-Discovery\stm32f4_discovery.o
BUTTON_IRQn                                       Utilities\STM32F4-Discovery\stm32f4_discovery.o
BUTTON_PIN                                        Utilities\STM32F4-Discovery\stm32f4_discovery.o
BUTTON_PIN_SOURCE                                 Utilities\STM32F4-Discovery\stm32f4_discovery.o
BUTTON_PORT                                       Utilities\STM32F4-Discovery\stm32f4_discovery.o
BUTTON_PORT_SOURCE                                Utilities\STM32F4-Discovery\stm32f4_discovery.o
BusFault_Handler                                  src\stm32f4xx_it.o
                                                  src\startup_stm32f40xx.o
CAN1_RX0_IRQHandler                               src\startup_stm32f40xx.o
CAN1_RX1_IRQHandler                               src\startup_stm32f40xx.o
CAN1_SCE_IRQHandler                               src\startup_stm32f40xx.o
CAN1_TX_IRQHandler                                src\startup_stm32f40xx.o
CAN2_RX0_IRQHandler                               src\startup_stm32f40xx.o
CAN2_RX1_IRQHandler                               src\startup_stm32f40xx.o
CAN2_SCE_IRQHandler                               src\startup_stm32f40xx.o
CAN2_TX_IRQHandler                                src\startup_stm32f40xx.o
CAN_CancelTransmit                                Libraries\STM32F4xx_StdPeriph_Driver\src\stm32f4xx_can.o
CAN_ClearFlag                                     Libraries\STM32F4xx_StdPeriph_Driver\src\stm32f4xx_can.o
CAN_ClearITPendingBit                             Libraries\STM32F4xx_StdPeriph_Driver\src\stm32f4xx_can.o
CAN_DBGFreeze                                     Libraries\STM32F4xx_StdPeriph_Driver\src\stm32f4xx_can.o
CAN_DeInit                                        Libraries\STM32F4xx_StdPeriph_Driver\src\stm32f4xx_can.o
CAN_FIFORelease                                   Libraries\STM32F4xx_StdPeriph_Driver\src\stm32f4xx_can.o
CAN_FilterInit                                    Libraries\STM32F4xx_StdPeriph_Driver\src\stm32f4xx_can.o
CAN_GetFlagStatus                                 Libraries\STM32F4xx_StdPeriph_Driver\src\stm32f4xx_can.o
CAN_GetITStatus                                   Libraries\STM32F4xx_StdPeriph_Driver\src\stm32f4xx_can.o
CAN_GetLSBTransmitErrorCounter                    Libraries\STM32F4xx_StdPeriph_Driver\src\stm32f4xx_can.o
CAN_GetLastErrorCode                              Libraries\STM32F4xx_StdPeriph_Driver\src\stm32f4xx_can.o
CAN_GetReceiveErrorCounter                        Libraries\STM32F4xx_StdPeriph_Driver\src\stm32f4xx_can.o
CAN_ITConfig                                      Libraries\STM32F4xx_StdPeriph_Driver\src\stm32f4xx_can.o
CAN_Init                                          Libraries\STM32F4xx_StdPeriph_Driver\src\stm32f4xx_can.o
CAN_MessagePending                                Libraries\STM32F4xx_StdPeriph_Driver\src\stm32f4xx_can.o
CAN_OperatingModeRequest                          Libraries\STM32F4xx_StdPeriph_Driver\src\stm32f4xx_can.o
CAN_Receive                                       Libraries\STM32F4xx_StdPeriph_Driver\src\stm32f4xx_can.o
CAN_SlaveStartBank                                Libraries\STM32F4xx_StdPeriph_Driver\src\stm32f4xx_can.o
CAN_Sleep                                         Libraries\STM32F4xx_StdPeriph_Driver\src\stm32f4xx_can.o
CAN_StructInit                                    Libraries\STM32F4xx_StdPeriph_Driver\src\stm32f4xx_can.o
CAN_TTComModeCmd                                  Libraries\STM32F4xx_StdPeriph_Driver\src\stm32f4xx_can.o
CAN_Transmit                                      Libraries\STM32F4xx_StdPeriph_Driver\src\stm32f4xx_can.o
CAN_TransmitStatus                                Libraries\STM32F4xx_StdPeriph_Driver\src\stm32f4xx_can.o
CAN_WakeUp                                        Libraries\STM32F4xx_StdPeriph_Driver\src\stm32f4xx_can.o
CODECTimeout                                      Utilities\STM32F4-Discovery\stm32f4_discovery_audio_codec.o
CRC_CalcBlockCRC                                  Libraries\STM32F4xx_StdPeriph_Driver\src\stm32f4xx_crc.o
CRC_CalcCRC                                       Libraries\STM32F4xx_StdPeriph_Driver\src\stm32f4xx_crc.o
CRC_GetCRC                                        Libraries\STM32F4xx_StdPeriph_Driver\src\stm32f4xx_crc.o
CRC_GetIDRegister                                 Libraries\STM32F4xx_StdPeriph_Driver\src\stm32f4xx_crc.o
CRC_ResetDR                                       Libraries\STM32F4xx_StdPeriph_Driver\src\stm32f4xx_crc.o
CRC_SetIDRegister                                 Libraries\STM32F4xx_StdPeriph_Driver\src\stm32f4xx_crc.o
CRYP_AES_CBC                                      Libraries\STM32F4xx_StdPeriph_Driver\src\stm32f4xx_cryp_aes.o
CRYP_AES_CCM                                      Libraries\STM32F4xx_StdPeriph_Driver\src\stm32f4xx_cryp_aes.o
CRYP_AES_CTR                                      Libraries\STM32F4xx_StdPeriph_Driver\src\stm32f4xx_cryp_aes.o
CRYP_AES_ECB                                      Libraries\STM32F4xx_StdPeriph_Driver\src\stm32f4xx_cryp_aes.o
CRYP_AES_GCM                                      Libraries\STM32F4xx_StdPeriph_Driver\src\stm32f4xx_cryp_aes.o
CRYP_Cmd                                          Libraries\STM32F4xx_StdPeriph_Driver\src\stm32f4xx_cryp.o
                                                  Libraries\STM32F4xx_StdPeriph_Driver\src\stm32f4xx_cryp_tdes.o
                                                  Libraries\STM32F4xx_StdPeriph_Driver\src\stm32f4xx_cryp_des.o
                                                  Libraries\STM32F4xx_StdPeriph_Driver\src\stm32f4xx_cryp_aes.o
CRYP_DES_CBC                                      Libraries\STM32F4xx_StdPeriph_Driver\src\stm32f4xx_cryp_des.o
CRYP_DES_ECB                                      Libraries\STM32F4xx_StdPeriph_Driver\src\stm32f4xx_cryp_des.o
CRYP_DMACmd                                       Libraries\STM32F4xx_StdPeriph_Driver\src\stm32f4xx_cryp.o
CRYP_DataIn                                       Libraries\STM32F4xx_StdPeriph_Driver\src\stm32f4xx_cryp.o
                                                  Libraries\STM32F4xx_StdPeriph_Driver\src\stm32f4xx_cryp_tdes.o
                                                  Libraries\STM32F4xx_StdPeriph_Driver\src\stm32f4xx_cryp_des.o
                                                  Libraries\STM32F4xx_StdPeriph_Driver\src\stm32f4xx_cryp_aes.o
CRYP_DataOut                                      Libraries\STM32F4xx_StdPeriph_Driver\src\stm32f4xx_cryp.o
                                                  Libraries\STM32F4xx_StdPeriph_Driver\src\stm32f4xx_cryp_tdes.o
                                                  Libraries\STM32F4xx_StdPeriph_Driver\src\stm32f4xx_cryp_des.o
                                                  Libraries\STM32F4xx_StdPeriph_Driver\src\stm32f4xx_cryp_aes.o
CRYP_DeInit                                       Libraries\STM32F4xx_StdPeriph_Driver\src\stm32f4xx_cryp.o
CRYP_FIFOFlush                                    Libraries\STM32F4xx_StdPeriph_Driver\src\stm32f4xx_cryp.o
                                                  Libraries\STM32F4xx_StdPeriph_Driver\src\stm32f4xx_cryp_tdes.o
                                                  Libraries\STM32F4xx_StdPeriph_Driver\src\stm32f4xx_cryp_des.o
                                                  Libraries\STM32F4xx_StdPeriph_Driver\src\stm32f4xx_cryp_aes.o
CRYP_GetCmdStatus                                 Libraries\STM32F4xx_StdPeriph_Driver\src\stm32f4xx_cryp.o
                                                  Libraries\STM32F4xx_StdPeriph_Driver\src\stm32f4xx_cryp_tdes.o
                                                  Libraries\STM32F4xx_StdPeriph_Driver\src\stm32f4xx_cryp_des.o
                                                  Libraries\STM32F4xx_StdPeriph_Driver\src\stm32f4xx_cryp_aes.o
CRYP_GetFlagStatus                                Libraries\STM32F4xx_StdPeriph_Driver\src\stm32f4xx_cryp.o
                                                  Libraries\STM32F4xx_StdPeriph_Driver\src\stm32f4xx_cryp_tdes.o
                                                  Libraries\STM32F4xx_StdPeriph_Driver\src\stm32f4xx_cryp_des.o
                                                  Libraries\STM32F4xx_StdPeriph_Driver\src\stm32f4xx_cryp_aes.o
CRYP_GetITStatus                                  Libraries\STM32F4xx_StdPeriph_Driver\src\stm32f4xx_cryp.o
CRYP_IRQHandler                                   src\startup_stm32f40xx.o
CRYP_ITConfig                                     Libraries\STM32F4xx_StdPeriph_Driver\src\stm32f4xx_cryp.o
CRYP_IVInit                                       Libraries\STM32F4xx_StdPeriph_Driver\src\stm32f4xx_cryp.o
                                                  Libraries\STM32F4xx_StdPeriph_Driver\src\stm32f4xx_cryp_tdes.o
                                                  Libraries\STM32F4xx_StdPeriph_Driver\src\stm32f4xx_cryp_des.o
                                                  Libraries\STM32F4xx_StdPeriph_Driver\src\stm32f4xx_cryp_aes.o
CRYP_IVStructInit                                 Libraries\STM32F4xx_StdPeriph_Driver\src\stm32f4xx_cryp.o
CRYP_Init                                         Libraries\STM32F4xx_StdPeriph_Driver\src\stm32f4xx_cryp.o
                                                  Libraries\STM32F4xx_StdPeriph_Driver\src\stm32f4xx_cryp_tdes.o
                                                  Libraries\STM32F4xx_StdPeriph_Driver\src\stm32f4xx_cryp_des.o
                                                  Libraries\STM32F4xx_StdPeriph_Driver\src\stm32f4xx_cryp_aes.o
CRYP_KeyInit                                      Libraries\STM32F4xx_StdPeriph_Driver\src\stm32f4xx_cryp.o
                                                  Libraries\STM32F4xx_StdPeriph_Driver\src\stm32f4xx_cryp_tdes.o
                                                  Libraries\STM32F4xx_StdPeriph_Driver\src\stm32f4xx_cryp_des.o
                                                  Libraries\STM32F4xx_StdPeriph_Driver\src\stm32f4xx_cryp_aes.o
CRYP_KeyStructInit                                Libraries\STM32F4xx_StdPeriph_Driver\src\stm32f4xx_cryp.o
                                                  Libraries\STM32F4xx_StdPeriph_Driver\src\stm32f4xx_cryp_tdes.o
                                                  Libraries\STM32F4xx_StdPeriph_Driver\src\stm32f4xx_cryp_des.o
                                                  Libraries\STM32F4xx_StdPeriph_Driver\src\stm32f4xx_cryp_aes.o
CRYP_PhaseConfig                                  Libraries\STM32F4xx_StdPeriph_Driver\src\stm32f4xx_cryp.o
                                                  Libraries\STM32F4xx_StdPeriph_Driver\src\stm32f4xx_cryp_aes.o
CRYP_RestoreContext                               Libraries\STM32F4xx_StdPeriph_Driver\src\stm32f4xx_cryp.o
CRYP_SaveContext                                  Libraries\STM32F4xx_StdPeriph_Driver\src\stm32f4xx_cryp.o
CRYP_StructInit                                   Libraries\STM32F4xx_StdPeriph_Driver\src\stm32f4xx_cryp.o
CRYP_TDES_CBC                                     Libraries\STM32F4xx_StdPeriph_Driver\src\stm32f4xx_cryp_tdes.o
CRYP_TDES_ECB                                     Libraries\STM32F4xx_StdPeriph_Driver\src\stm32f4xx_cryp_tdes.o
Codec_TIMEOUT_UserCallback                        src\main.o
                                                  Utilities\STM32F4-Discovery\stm32f4_discovery_audio_codec.o
CurrAudioInterface                                Utilities\STM32F4-Discovery\stm32f4_discovery_audio_codec.o
CurrentPos                                        Utilities\STM32F4-Discovery\stm32f4_discovery_audio_codec.o
DAC_ClearFlag                                     Libraries\STM32F4xx_StdPeriph_Driver\src\stm32f4xx_dac.o
DAC_ClearITPendingBit                             Libraries\STM32F4xx_StdPeriph_Driver\src\stm32f4xx_dac.o
DAC_Cmd                                           Libraries\STM32F4xx_StdPeriph_Driver\src\stm32f4xx_dac.o
                                                  Utilities\STM32F4-Discovery\stm32f4_discovery_audio_codec.o
DAC_Config                                        Utilities\STM32F4-Discovery\stm32f4_discovery_audio_codec.o
DAC_DMACmd                                        Libraries\STM32F4xx_StdPeriph_Driver\src\stm32f4xx_dac.o
DAC_DeInit                                        Libraries\STM32F4xx_StdPeriph_Driver\src\stm32f4xx_dac.o
DAC_DualSoftwareTriggerCmd                        Libraries\STM32F4xx_StdPeriph_Driver\src\stm32f4xx_dac.o
DAC_GetDataOutputValue                            Libraries\STM32F4xx_StdPeriph_Driver\src\stm32f4xx_dac.o
DAC_GetFlagStatus                                 Libraries\STM32F4xx_StdPeriph_Driver\src\stm32f4xx_dac.o
DAC_GetITStatus                                   Libraries\STM32F4xx_StdPeriph_Driver\src\stm32f4xx_dac.o
DAC_ITConfig                                      Libraries\STM32F4xx_StdPeriph_Driver\src\stm32f4xx_dac.o
DAC_Init                                          Libraries\STM32F4xx_StdPeriph_Driver\src\stm32f4xx_dac.o
                                                  Utilities\STM32F4-Discovery\stm32f4_discovery_audio_codec.o
DAC_SetChannel1Data                               Libraries\STM32F4xx_StdPeriph_Driver\src\stm32f4xx_dac.o
                                                  Utilities\STM32F4-Discovery\stm32f4_discovery_audio_codec.o
DAC_SetChannel2Data                               Libraries\STM32F4xx_StdPeriph_Driver\src\stm32f4xx_dac.o
DAC_SetDualChannelData                            Libraries\STM32F4xx_StdPeriph_Driver\src\stm32f4xx_dac.o
DAC_SoftwareTriggerCmd                            Libraries\STM32F4xx_StdPeriph_Driver\src\stm32f4xx_dac.o
DAC_StructInit                                    Libraries\STM32F4xx_StdPeriph_Driver\src\stm32f4xx_dac.o
DAC_WaveGenerationCmd                             Libraries\STM32F4xx_StdPeriph_Driver\src\stm32f4xx_dac.o
DBGMCU_APB1PeriphConfig                           Libraries\STM32F4xx_StdPeriph_Driver\src\stm32f4xx_dbgmcu.o
DBGMCU_APB2PeriphConfig                           Libraries\STM32F4xx_StdPeriph_Driver\src\stm32f4xx_dbgmcu.o
DBGMCU_Config                                     Libraries\STM32F4xx_StdPeriph_Driver\src\stm32f4xx_dbgmcu.o
DBGMCU_GetDEVID                                   Libraries\STM32F4xx_StdPeriph_Driver\src\stm32f4xx_dbgmcu.o
DBGMCU_GetREVID                                   Libraries\STM32F4xx_StdPeriph_Driver\src\stm32f4xx_dbgmcu.o
DCMI_CROPCmd                                      Libraries\STM32F4xx_StdPeriph_Driver\src\stm32f4xx_dcmi.o
DCMI_CROPConfig                                   Libraries\STM32F4xx_StdPeriph_Driver\src\stm32f4xx_dcmi.o
DCMI_CaptureCmd                                   Libraries\STM32F4xx_StdPeriph_Driver\src\stm32f4xx_dcmi.o
DCMI_ClearFlag                                    Libraries\STM32F4xx_StdPeriph_Driver\src\stm32f4xx_dcmi.o
DCMI_ClearITPendingBit                            Libraries\STM32F4xx_StdPeriph_Driver\src\stm32f4xx_dcmi.o
DCMI_Cmd                                          Libraries\STM32F4xx_StdPeriph_Driver\src\stm32f4xx_dcmi.o
DCMI_DeInit                                       Libraries\STM32F4xx_StdPeriph_Driver\src\stm32f4xx_dcmi.o
DCMI_GetFlagStatus                                Libraries\STM32F4xx_StdPeriph_Driver\src\stm32f4xx_dcmi.o
DCMI_GetITStatus                                  Libraries\STM32F4xx_StdPeriph_Driver\src\stm32f4xx_dcmi.o
DCMI_IRQHandler                                   src\startup_stm32f40xx.o
DCMI_ITConfig                                     Libraries\STM32F4xx_StdPeriph_Driver\src\stm32f4xx_dcmi.o
DCMI_Init                                         Libraries\STM32F4xx_StdPeriph_Driver\src\stm32f4xx_dcmi.o
DCMI_JPEGCmd                                      Libraries\STM32F4xx_StdPeriph_Driver\src\stm32f4xx_dcmi.o
DCMI_ReadData                                     Libraries\STM32F4xx_StdPeriph_Driver\src\stm32f4xx_dcmi.o
DCMI_SetEmbeddedSynchroCodes                      Libraries\STM32F4xx_StdPeriph_Driver\src\stm32f4xx_dcmi.o
DCMI_StructInit                                   Libraries\STM32F4xx_StdPeriph_Driver\src\stm32f4xx_dcmi.o
DMA1_Stream0_IRQHandler                           Utilities\STM32F4-Discovery\stm32f4_discovery_audio_codec.o
DMA1_Stream1_IRQHandler                           src\startup_stm32f40xx.o
DMA1_Stream2_IRQHandler                           src\startup_stm32f40xx.o
DMA1_Stream3_IRQHandler                           src\startup_stm32f40xx.o
DMA1_Stream4_IRQHandler                           src\startup_stm32f40xx.o
DMA1_Stream5_IRQHandler                           src\startup_stm32f40xx.o
DMA1_Stream6_IRQHandler                           src\startup_stm32f40xx.o
DMA1_Stream7_IRQHandler                           Utilities\STM32F4-Discovery\stm32f4_discovery_audio_codec.o
DMA2_Stream0_IRQHandler                           src\startup_stm32f40xx.o
DMA2_Stream1_IRQHandler                           src\startup_stm32f40xx.o
DMA2_Stream2_IRQHandler                           src\startup_stm32f40xx.o
DMA2_Stream3_IRQHandler                           src\startup_stm32f40xx.o
DMA2_Stream4_IRQHandler                           src\startup_stm32f40xx.o
DMA2_Stream5_IRQHandler                           src\startup_stm32f40xx.o
DMA2_Stream6_IRQHandler                           src\startup_stm32f40xx.o
DMA2_Stream7_IRQHandler                           src\startup_stm32f40xx.o
DMA_ClearFlag                                     Libraries\STM32F4xx_StdPeriph_Driver\src\stm32f4xx_dma.o
                                                  Utilities\STM32F4-Discovery\stm32f4_discovery_audio_codec.o
DMA_ClearITPendingBit                             Libraries\STM32F4xx_StdPeriph_Driver\src\stm32f4xx_dma.o
DMA_Cmd                                           Libraries\STM32F4xx_StdPeriph_Driver\src\stm32f4xx_dma.o
                                                  src\main.o
                                                  Utilities\STM32F4-Discovery\stm32f4_discovery_audio_codec.o
DMA_DeInit                                        Libraries\STM32F4xx_StdPeriph_Driver\src\stm32f4xx_dma.o
                                                  Utilities\STM32F4-Discovery\stm32f4_discovery_audio_codec.o
DMA_DoubleBufferModeCmd                           Libraries\STM32F4xx_StdPeriph_Driver\src\stm32f4xx_dma.o
DMA_DoubleBufferModeConfig                        Libraries\STM32F4xx_StdPeriph_Driver\src\stm32f4xx_dma.o
DMA_FlowControllerConfig                          Libraries\STM32F4xx_StdPeriph_Driver\src\stm32f4xx_dma.o
DMA_GetCmdStatus                                  Libraries\STM32F4xx_StdPeriph_Driver\src\stm32f4xx_dma.o
DMA_GetCurrDataCounter                            Libraries\STM32F4xx_StdPeriph_Driver\src\stm32f4xx_dma.o
DMA_GetCurrentMemoryTarget                        Libraries\STM32F4xx_StdPeriph_Driver\src\stm32f4xx_dma.o
DMA_GetFIFOStatus                                 Libraries\STM32F4xx_StdPeriph_Driver\src\stm32f4xx_dma.o
DMA_GetFlagStatus                                 Libraries\STM32F4xx_StdPeriph_Driver\src\stm32f4xx_dma.o
                                                  Utilities\STM32F4-Discovery\stm32f4_discovery_audio_codec.o
DMA_GetITStatus                                   Libraries\STM32F4xx_StdPeriph_Driver\src\stm32f4xx_dma.o
DMA_ITConfig                                      Libraries\STM32F4xx_StdPeriph_Driver\src\stm32f4xx_dma.o
                                                  Utilities\STM32F4-Discovery\stm32f4_discovery_audio_codec.o
DMA_Init                                          Libraries\STM32F4xx_StdPeriph_Driver\src\stm32f4xx_dma.o
                                                  src\main.o
                                                  Utilities\STM32F4-Discovery\stm32f4_discovery_audio_codec.o
DMA_InitStructure                                 Utilities\STM32F4-Discovery\stm32f4_discovery_audio_codec.o
DMA_MemoryTargetConfig                            Libraries\STM32F4xx_StdPeriph_Driver\src\stm32f4xx_dma.o
DMA_PeriphIncOffsetSizeConfig                     Libraries\STM32F4xx_StdPeriph_Driver\src\stm32f4xx_dma.o
DMA_SetCurrDataCounter                            Libraries\STM32F4xx_StdPeriph_Driver\src\stm32f4xx_dma.o
DMA_StructInit                                    Libraries\STM32F4xx_StdPeriph_Driver\src\stm32f4xx_dma.o
DebugMon_Handler                                  src\stm32f4xx_it.o
                                                  src\startup_stm32f40xx.o
Default_Handler                                   src\startup_stm32f40xx.o
ETH_IRQHandler                                    src\startup_stm32f40xx.o
ETH_WKUP_IRQHandler                               src\startup_stm32f40xx.o
EVAL_AUDIO_DeInit                                 Utilities\STM32F4-Discovery\stm32f4_discovery_audio_codec.o
EVAL_AUDIO_Error_CallBack                         src\main.o
                                                  Utilities\STM32F4-Discovery\stm32f4_discovery_audio_codec.o
EVAL_AUDIO_GetSampleCallBack                      src\main.o
                                                  Utilities\STM32F4-Discovery\stm32f4_discovery_audio_codec.o
EVAL_AUDIO_HalfTransfer_CallBack                  src\main.o
                                                  Utilities\STM32F4-Discovery\stm32f4_discovery_audio_codec.o
EVAL_AUDIO_Init                                   Utilities\STM32F4-Discovery\stm32f4_discovery_audio_codec.o
                                                  src\main.o
EVAL_AUDIO_Mute                                   Utilities\STM32F4-Discovery\stm32f4_discovery_audio_codec.o
EVAL_AUDIO_PauseResume                            Utilities\STM32F4-Discovery\stm32f4_discovery_audio_codec.o
EVAL_AUDIO_Play                                   Utilities\STM32F4-Discovery\stm32f4_discovery_audio_codec.o
                                                  src\main.o
EVAL_AUDIO_SetAudioInterface                      Utilities\STM32F4-Discovery\stm32f4_discovery_audio_codec.o
EVAL_AUDIO_Stop                                   Utilities\STM32F4-Discovery\stm32f4_discovery_audio_codec.o
EVAL_AUDIO_TransferComplete_CallBack              src\main.o
                                                  Utilities\STM32F4-Discovery\stm32f4_discovery_audio_codec.o
EVAL_AUDIO_VolumeCtl                              Utilities\STM32F4-Discovery\stm32f4_discovery_audio_codec.o
EXTI0_IRQHandler                                  src\stm32f4xx_it.o
                                                  src\startup_stm32f40xx.o
EXTI15_10_IRQHandler                              src\startup_stm32f40xx.o
EXTI1_IRQHandler                                  src\startup_stm32f40xx.o
EXTI2_IRQHandler                                  src\startup_stm32f40xx.o
EXTI3_IRQHandler                                  src\startup_stm32f40xx.o
EXTI4_IRQHandler                                  src\startup_stm32f40xx.o
EXTI9_5_IRQHandler                                src\startup_stm32f40xx.o
EXTI_ClearFlag                                    Libraries\STM32F4xx_StdPeriph_Driver\src\stm32f4xx_exti.o
EXTI_ClearITPendingBit                            Libraries\STM32F4xx_StdPeriph_Driver\src\stm32f4xx_exti.o
EXTI_DeInit                                       Libraries\STM32F4xx_StdPeriph_Driver\src\stm32f4xx_exti.o
EXTI_GenerateSWInterrupt                          Libraries\STM32F4xx_StdPeriph_Driver\src\stm32f4xx_exti.o
EXTI_GetFlagStatus                                Libraries\STM32F4xx_StdPeriph_Driver\src\stm32f4xx_exti.o
EXTI_GetITStatus                                  Libraries\STM32F4xx_StdPeriph_Driver\src\stm32f4xx_exti.o
EXTI_Init                                         Libraries\STM32F4xx_StdPeriph_Driver\src\stm32f4xx_exti.o
                                                  Utilities\STM32F4-Discovery\stm32f4_discovery.o
EXTI_StructInit                                   Libraries\STM32F4xx_StdPeriph_Driver\src\stm32f4xx_exti.o
FLASH_ClearFlag                                   Libraries\STM32F4xx_StdPeriph_Driver\src\stm32f4xx_flash.o
FLASH_DataCacheCmd                                Libraries\STM32F4xx_StdPeriph_Driver\src\stm32f4xx_flash.o
FLASH_DataCacheReset                              Libraries\STM32F4xx_StdPeriph_Driver\src\stm32f4xx_flash.o
FLASH_EraseAllSectors                             Libraries\STM32F4xx_StdPeriph_Driver\src\stm32f4xx_flash.o
FLASH_EraseSector                                 Libraries\STM32F4xx_StdPeriph_Driver\src\stm32f4xx_flash.o
FLASH_GetFlagStatus                               Libraries\STM32F4xx_StdPeriph_Driver\src\stm32f4xx_flash.o
FLASH_GetStatus                                   Libraries\STM32F4xx_StdPeriph_Driver\src\stm32f4xx_flash.o
FLASH_IRQHandler                                  src\startup_stm32f40xx.o
FLASH_ITConfig                                    Libraries\STM32F4xx_StdPeriph_Driver\src\stm32f4xx_flash.o
FLASH_InstructionCacheCmd                         Libraries\STM32F4xx_StdPeriph_Driver\src\stm32f4xx_flash.o
FLASH_InstructionCacheReset                       Libraries\STM32F4xx_StdPeriph_Driver\src\stm32f4xx_flash.o