lcd.c:13:6:delay	24	static
lcd.c:22:6:SPI_TX	16	static
lcd.c:120:5:LCD_TX	32	static
lcd.c:132:6:LCD_CLEAR	24	static
lcd.c:140:6:LCD_HOME	24	static
lcd.c:149:6:LCD_MODE	32	static
lcd.c:159:6:LCD_DISPLAY	40	static
lcd.c:170:6:LCD_SHIFT	32	static
lcd.c:180:6:LCD_FUNCTION	32	static
lcd.c:191:6:LCD_SETCGRAM	32	static
lcd.c:200:6:LCD_SETDDRAM	32	static
lcd.c:209:6:LCD_READSTATUS	56	static
lcd.c:242:6:LCD_WRITE	24	static
lcd.c:249:6:lcd_init	8	static
lcd.c:284:6:lcd_writechar	32	static
lcd.c:303:6:lcd_writeline	24	static
lcd.c:326:6:lcd_update	120	static
lcd.c:352:6:lcd_scaled_update	96	static
lcd.c:376:5:reverse_DC	40	static
lcd.c:395:5:reverse_Av	40	static
