lcd.c:13:6:delay	24	static
lcd.c:22:6:SPI_TX	16	static
lcd.c:114:5:LCD_TX	32	static
lcd.c:126:6:LCD_CLEAR	24	static
lcd.c:134:6:LCD_HOME	24	static
lcd.c:143:6:LCD_MODE	32	static
lcd.c:153:6:LCD_DISPLAY	40	static
lcd.c:164:6:LCD_SHIFT	32	static
lcd.c:174:6:LCD_FUNCTION	32	static
lcd.c:185:6:LCD_SETCGRAM	32	static
lcd.c:194:6:LCD_SETDDRAM	32	static
lcd.c:203:6:LCD_READSTATUS	16	static
lcd.c:236:6:LCD_WRITE	24	static
lcd.c:243:6:lcd_init	8	static
lcd.c:270:6:lcd_writechar	32	static
lcd.c:289:6:lcd_writeline	24	static
lcd.c:312:6:lcd_update	104	static
lcd.c:338:6:lcd_scaled_update	96	static
lcd.c:362:5:reverse_DC	40	static
lcd.c:381:5:reverse_Av	40	static
