main.c:123:5:main	16	static
main.c:200:11:square	16	static
main.c:228:11:sawtooth	32	static
main.c:243:11:rampdown	32	static
main.c:256:11:triangle	32	static
main.c:275:11:triangle_integral	32	static
main.c:308:10:Codec_TIMEOUT_UserCallback	8	static
main.c:319:6:EVAL_AUDIO_HalfTransfer_CallBack	16	static
main.c:337:6:EVAL_AUDIO_TransferComplete_CallBack	16	static
main.c:346:6:generate_waveforms	64	static
main.c:720:10:EVAL_AUDIO_GetSampleCallBack	4	static
main.c:727:6:EVAL_AUDIO_Error_CallBack	16	static
main.c:739:6:ADC3_CH12_DMA_Config	120	static
