main.c:107:5:main	16	static
main.c:180:11:square	16	static
main.c:212:11:sawtooth	24	static
main.c:228:10:Codec_TIMEOUT_UserCallback	8	static
main.c:239:6:EVAL_AUDIO_HalfTransfer_CallBack	16	static
main.c:257:6:EVAL_AUDIO_TransferComplete_CallBack	16	static
main.c:266:6:generate_waveforms	48	static
main.c:486:10:EVAL_AUDIO_GetSampleCallBack	4	static
main.c:493:6:EVAL_AUDIO_Error_CallBack	16	static
main.c:506:6:ADC3_CH12_DMA_Config	120	static
main.c:579:7:randomNum	4	static
main.c:585:6:TimingDelay_Decrement	4	static
